bin\x86_win32\catior.exe
bin\x86_win32\convertior.exe
bin\x86_win32\COS421_vc12_rt.dll
bin\x86_win32\COS421_vc12_rt.pdb
bin\x86_win32\COS421_vc12_rtd.dll
bin\x86_win32\COS421_vc12_rtd.pdb
bin\x86_win32\COSDynamic421_vc12_rt.dll
bin\x86_win32\COSDynamic421_vc12_rt.pdb
bin\x86_win32\COSDynamic421_vc12_rtd.dll
bin\x86_win32\COSDynamic421_vc12_rtd.pdb
bin\x86_win32\genior.exe
bin\x86_win32\nameclt.exe
bin\x86_win32\omniCodeSets421_vc12_rt.dll
bin\x86_win32\omniCodeSets421_vc12_rt.pdb
bin\x86_win32\omniCodeSets421_vc12_rtd.dll
bin\x86_win32\omniCodeSets421_vc12_rtd.pdb
bin\x86_win32\omniConnectionMgmt421_vc12_rt.dll
bin\x86_win32\omniConnectionMgmt421_vc12_rt.pdb
bin\x86_win32\omniConnectionMgmt421_vc12_rtd.dll
bin\x86_win32\omniConnectionMgmt421_vc12_rtd.pdb
bin\x86_win32\omnicpp.exe
bin\x86_win32\omniDynamic421_vc12_rt.dll
bin\x86_win32\omniDynamic421_vc12_rt.pdb
bin\x86_win32\omniDynamic421_vc12_rtd.dll
bin\x86_win32\omniDynamic421_vc12_rtd.pdb
bin\x86_win32\omniidl.exe
bin\x86_win32\omniMapper.exe
bin\x86_win32\omniNames.exe
bin\x86_win32\omniORB421_vc12_rt.dll
bin\x86_win32\omniORB421_vc12_rt.pdb
bin\x86_win32\omniORB421_vc12_rtd.dll
bin\x86_win32\omniORB421_vc12_rtd.pdb
bin\x86_win32\omnithread40_vc12_rt.dll
bin\x86_win32\omnithread40_vc12_rt.pdb
bin\x86_win32\omnithread40_vc12_rtd.dll
bin\x86_win32\omnithread40_vc12_rtd.pdb
include\COS\CosEventChannelAdmin.hh
include\COS\CosEventComm.hh
include\COS\CosLifeCycle.hh
include\COS\CosNotification.hh
include\COS\CosNotifyChannelAdmin.hh
include\COS\CosNotifyComm.hh
include\COS\CosNotifyFilter.hh
include\COS\CosTime.hh
include\COS\COS_sysdep.h
include\COS\TimeBase.hh
include\omniORB4\bootstrap.hh
include\omniORB4\boxes_defs.hh
include\omniORB4\boxes_operators.hh
include\omniORB4\boxes_poa.hh
include\omniORB4\corbaidl_defs.hh
include\omniORB4\corbaidl_operators.hh
include\omniORB4\corbaidl_poa.hh
include\omniORB4\distdate.hh
include\omniORB4\ir_defs.hh
include\omniORB4\ir_operators.hh
include\omniORB4\ir_poa.hh
include\omniORB4\messaging.hh
include\omniORB4\Naming.hh
include\omniORB4\omniConnectionData.hh
include\omniORB4\omniTypedefs.hh
include\omniORB4\poa_enums_defs.hh
include\omniORB4\poa_enums_operators.hh
include\omniORB4\poa_enums_poa.hh
include\omniORB4\pollable_defs.hh
include\omniORB4\pollable_operators.hh
include\omniORB4\pollable_poa.hh
lib\python\omniidl\idlast.py
lib\python\omniidl\idlast.pyc
lib\python\omniidl\idltype.py
lib\python\omniidl\idltype.pyc
lib\python\omniidl\idlutil.py
lib\python\omniidl\idlutil.pyc
lib\python\omniidl\idlvisitor.py
lib\python\omniidl\idlvisitor.pyc
lib\python\omniidl\main.py
lib\python\omniidl\main.pyc
lib\python\omniidl\output.py
lib\python\omniidl\output.pyc
lib\python\omniidl\__init__.py
lib\python\omniidl\__init__.pyc
lib\python\omniidl_be\ami.py
lib\python\omniidl_be\ami.pyc
lib\python\omniidl_be\dump.py
lib\python\omniidl_be\dump.pyc
lib\python\omniidl_be\example.py
lib\python\omniidl_be\example.pyc
lib\python\omniidl_be\interactive.py
lib\python\omniidl_be\interactive.pyc
lib\python\omniidl_be\__init__.py
lib\python\omniidl_be\__init__.pyc
lib\python\omniidl_be\cxx\ast.py
lib\python\omniidl_be\cxx\ast.pyc
lib\python\omniidl_be\cxx\call.py
lib\python\omniidl_be\cxx\call.pyc
lib\python\omniidl_be\cxx\config.py
lib\python\omniidl_be\cxx\config.pyc
lib\python\omniidl_be\cxx\cxx.py
lib\python\omniidl_be\cxx\cxx.pyc
lib\python\omniidl_be\cxx\descriptor.py
lib\python\omniidl_be\cxx\descriptor.pyc
lib\python\omniidl_be\cxx\id.py
lib\python\omniidl_be\cxx\id.pyc
lib\python\omniidl_be\cxx\iface.py
lib\python\omniidl_be\cxx\iface.pyc
lib\python\omniidl_be\cxx\mangler.py
lib\python\omniidl_be\cxx\mangler.pyc
lib\python\omniidl_be\cxx\mapping.py
lib\python\omniidl_be\cxx\mapping.pyc
lib\python\omniidl_be\cxx\output.py
lib\python\omniidl_be\cxx\output.pyc
lib\python\omniidl_be\cxx\skutil.py
lib\python\omniidl_be\cxx\skutil.pyc
lib\python\omniidl_be\cxx\support.py
lib\python\omniidl_be\cxx\support.pyc
lib\python\omniidl_be\cxx\types.py
lib\python\omniidl_be\cxx\types.pyc
lib\python\omniidl_be\cxx\util.py
lib\python\omniidl_be\cxx\util.pyc
lib\python\omniidl_be\cxx\value.py
lib\python\omniidl_be\cxx\value.pyc
lib\python\omniidl_be\cxx\__init__.py
lib\python\omniidl_be\cxx\__init__.pyc
lib\python\omniidl_be\cxx\dynskel\main.py
lib\python\omniidl_be\cxx\dynskel\main.pyc
lib\python\omniidl_be\cxx\dynskel\template.py
lib\python\omniidl_be\cxx\dynskel\template.pyc
lib\python\omniidl_be\cxx\dynskel\typecode.py
lib\python\omniidl_be\cxx\dynskel\typecode.pyc
lib\python\omniidl_be\cxx\dynskel\__init__.py
lib\python\omniidl_be\cxx\dynskel\__init__.pyc
lib\python\omniidl_be\cxx\header\defs.py
lib\python\omniidl_be\cxx\header\defs.pyc
lib\python\omniidl_be\cxx\header\forward.py
lib\python\omniidl_be\cxx\header\forward.pyc
lib\python\omniidl_be\cxx\header\marshal.py
lib\python\omniidl_be\cxx\header\marshal.pyc
lib\python\omniidl_be\cxx\header\obv.py
lib\python\omniidl_be\cxx\header\obv.pyc
lib\python\omniidl_be\cxx\header\opers.py
lib\python\omniidl_be\cxx\header\opers.pyc
lib\python\omniidl_be\cxx\header\poa.py
lib\python\omniidl_be\cxx\header\poa.pyc
lib\python\omniidl_be\cxx\header\template.py
lib\python\omniidl_be\cxx\header\template.pyc
lib\python\omniidl_be\cxx\header\tie.py
lib\python\omniidl_be\cxx\header\tie.pyc
lib\python\omniidl_be\cxx\header\__init__.py
lib\python\omniidl_be\cxx\header\__init__.pyc
lib\python\omniidl_be\cxx\impl\main.py
lib\python\omniidl_be\cxx\impl\main.pyc
lib\python\omniidl_be\cxx\impl\template.py
lib\python\omniidl_be\cxx\impl\template.pyc
lib\python\omniidl_be\cxx\impl\__init__.py
lib\python\omniidl_be\cxx\impl\__init__.pyc
lib\python\omniidl_be\cxx\skel\main.py
lib\python\omniidl_be\cxx\skel\main.pyc
lib\python\omniidl_be\cxx\skel\poa.py
lib\python\omniidl_be\cxx\skel\poa.pyc
lib\python\omniidl_be\cxx\skel\template.py
lib\python\omniidl_be\cxx\skel\template.pyc
lib\python\omniidl_be\cxx\skel\__init__.py
lib\python\omniidl_be\cxx\skel\__init__.pyc
lib\x86_win32\COS4.lib
lib\x86_win32\COS421_rt.lib
lib\x86_win32\COS421_rtd.lib
lib\x86_win32\COS4d.lib
lib\x86_win32\COS4_rt.lib
lib\x86_win32\COS4_rtd.lib
lib\x86_win32\COSDynamic4.lib
lib\x86_win32\COSDynamic421_rt.lib
lib\x86_win32\COSDynamic421_rtd.lib
lib\x86_win32\COSDynamic4d.lib
lib\x86_win32\COSDynamic4_rt.lib
lib\x86_win32\COSDynamic4_rtd.lib
lib\x86_win32\msvcstub.lib
lib\x86_win32\msvcstubd.lib
lib\x86_win32\omniCodeSets4.lib
lib\x86_win32\omniCodeSets4.pdb
lib\x86_win32\omniCodeSets421_rt.lib
lib\x86_win32\omniCodeSets421_rtd.lib
lib\x86_win32\omniCodeSets4d.lib
lib\x86_win32\omniCodeSets4d.pdb
lib\x86_win32\omniCodeSets4_rt.lib
lib\x86_win32\omniCodeSets4_rtd.lib
lib\x86_win32\omniConnectionMgmt4.lib
lib\x86_win32\omniConnectionMgmt4.pdb
lib\x86_win32\omniConnectionMgmt421_rt.lib
lib\x86_win32\omniConnectionMgmt421_rtd.lib
lib\x86_win32\omniConnectionMgmt4d.lib
lib\x86_win32\omniConnectionMgmt4d.pdb
lib\x86_win32\omniConnectionMgmt4_rt.lib
lib\x86_win32\omniConnectionMgmt4_rtd.lib
lib\x86_win32\omniDynamic4.lib
lib\x86_win32\omniDynamic4.pdb
lib\x86_win32\omniDynamic421_rt.lib
lib\x86_win32\omniDynamic421_rtd.lib
lib\x86_win32\omniDynamic4d.lib
lib\x86_win32\omniDynamic4d.pdb
lib\x86_win32\omniDynamic4_rt.lib
lib\x86_win32\omniDynamic4_rtd.lib
lib\x86_win32\omniORB4.lib
lib\x86_win32\omniORB4.pdb
lib\x86_win32\omniORB421_rt.lib
lib\x86_win32\omniORB421_rtd.lib
lib\x86_win32\omniORB4d.lib
lib\x86_win32\omniORB4d.pdb
lib\x86_win32\omniORB4_rt.lib
lib\x86_win32\omniORB4_rtd.lib
lib\x86_win32\omnithread.lib
lib\x86_win32\omnithread.pdb
lib\x86_win32\omnithread40_rt.lib
lib\x86_win32\omnithread40_rtd.lib
lib\x86_win32\omnithreadd.lib
lib\x86_win32\omnithreadd.pdb
lib\x86_win32\omnithread_rt.lib
lib\x86_win32\omnithread_rtd.lib
src\appl\omniMapper\omniMapper.d
src\appl\omniMapper\omniMapper.exe
src\appl\omniMapper\omniMapper.exe.manifest
src\appl\omniMapper\omniMapper.exe.pdb
src\appl\omniMapper\omniMapper.ilk
src\appl\omniMapper\omniMapper.o
src\appl\omniMapper\vc120.pdb
src\appl\omniNames\log.d
src\appl\omniNames\log.o
src\appl\omniNames\NamingContext_i.d
src\appl\omniNames\NamingContext_i.o
src\appl\omniNames\omniNames.d
src\appl\omniNames\omniNames.exe
src\appl\omniNames\omniNames.exe.manifest
src\appl\omniNames\omniNames.exe.pdb
src\appl\omniNames\omniNames.ilk
src\appl\omniNames\omniNames.o
src\appl\omniNames\omniNamesWin.d
src\appl\omniNames\omniNamesWin.o
src\appl\omniNames\vc120.pdb
src\appl\utils\catior\catior.d
src\appl\utils\catior\catior.exe
src\appl\utils\catior\catior.exe.manifest
src\appl\utils\catior\catior.exe.pdb
src\appl\utils\catior\catior.ilk
src\appl\utils\catior\catior.o
src\appl\utils\catior\vc120.pdb
src\appl\utils\convertior\convertior.d
src\appl\utils\convertior\convertior.exe
src\appl\utils\convertior\convertior.exe.manifest
src\appl\utils\convertior\convertior.exe.pdb
src\appl\utils\convertior\convertior.ilk
src\appl\utils\convertior\convertior.o
src\appl\utils\convertior\vc120.pdb
src\appl\utils\genior\genior.d
src\appl\utils\genior\genior.exe
src\appl\utils\genior\genior.exe.manifest
src\appl\utils\genior\genior.exe.pdb
src\appl\utils\genior\genior.ilk
src\appl\utils\genior\genior.o
src\appl\utils\genior\vc120.pdb
src\appl\utils\nameclt\nameclt.d
src\appl\utils\nameclt\nameclt.exe
src\appl\utils\nameclt\nameclt.exe.manifest
src\appl\utils\nameclt\nameclt.exe.pdb
src\appl\utils\nameclt\nameclt.ilk
src\appl\utils\nameclt\nameclt.o
src\appl\utils\nameclt\vc120.pdb
src\lib\omniORB\codesets\cs-037.d
src\lib\omniORB\codesets\cs-500.d
src\lib\omniORB\codesets\cs-8859-10.d
src\lib\omniORB\codesets\cs-8859-11.d
src\lib\omniORB\codesets\cs-8859-13.d
src\lib\omniORB\codesets\cs-8859-14.d
src\lib\omniORB\codesets\cs-8859-15.d
src\lib\omniORB\codesets\cs-8859-16.d
src\lib\omniORB\codesets\cs-8859-2.d
src\lib\omniORB\codesets\cs-8859-3.d
src\lib\omniORB\codesets\cs-8859-4.d
src\lib\omniORB\codesets\cs-8859-5.d
src\lib\omniORB\codesets\cs-8859-6.d
src\lib\omniORB\codesets\cs-8859-7.d
src\lib\omniORB\codesets\cs-8859-8.d
src\lib\omniORB\codesets\cs-8859-9.d
src\lib\omniORB\codesets\cs-cp1250.d
src\lib\omniORB\codesets\cs-cp1251.d
src\lib\omniORB\codesets\cs-cp1252.d
src\lib\omniORB\codesets\cs-cp1253.d
src\lib\omniORB\codesets\cs-cp1254.d
src\lib\omniORB\codesets\cs-cp1255.d
src\lib\omniORB\codesets\cs-cp1256.d
src\lib\omniORB\codesets\cs-cp1257.d
src\lib\omniORB\codesets\cs-cp1258.d
src\lib\omniORB\codesets\cs-EDF-4.d
src\lib\omniORB\codesets\cs-GBK.d
src\lib\omniORB\codesets\cs-UCS-4.d
src\lib\omniORB\codesets\omniCodeSets.d
src\lib\omniORB\codesets\omniCodeSets4_rt.lib
src\lib\omniORB\codesets\omniCodeSets4_rtd.lib
src\lib\omniORB\codesets\debug\cs-037.o
src\lib\omniORB\codesets\debug\cs-500.o
src\lib\omniORB\codesets\debug\cs-8859-10.o
src\lib\omniORB\codesets\debug\cs-8859-11.o
src\lib\omniORB\codesets\debug\cs-8859-13.o
src\lib\omniORB\codesets\debug\cs-8859-14.o
src\lib\omniORB\codesets\debug\cs-8859-15.o
src\lib\omniORB\codesets\debug\cs-8859-16.o
src\lib\omniORB\codesets\debug\cs-8859-2.o
src\lib\omniORB\codesets\debug\cs-8859-3.o
src\lib\omniORB\codesets\debug\cs-8859-4.o
src\lib\omniORB\codesets\debug\cs-8859-5.o
src\lib\omniORB\codesets\debug\cs-8859-6.o
src\lib\omniORB\codesets\debug\cs-8859-7.o
src\lib\omniORB\codesets\debug\cs-8859-8.o
src\lib\omniORB\codesets\debug\cs-8859-9.o
src\lib\omniORB\codesets\debug\cs-cp1250.o
src\lib\omniORB\codesets\debug\cs-cp1251.o
src\lib\omniORB\codesets\debug\cs-cp1252.o
src\lib\omniORB\codesets\debug\cs-cp1253.o
src\lib\omniORB\codesets\debug\cs-cp1254.o
src\lib\omniORB\codesets\debug\cs-cp1255.o
src\lib\omniORB\codesets\debug\cs-cp1256.o
src\lib\omniORB\codesets\debug\cs-cp1257.o
src\lib\omniORB\codesets\debug\cs-cp1258.o
src\lib\omniORB\codesets\debug\cs-EDF-4.o
src\lib\omniORB\codesets\debug\cs-GBK.o
src\lib\omniORB\codesets\debug\cs-UCS-4.o
src\lib\omniORB\codesets\debug\omniCodeSets.o
src\lib\omniORB\codesets\debug\omniCodeSets4d.lib
src\lib\omniORB\codesets\debug\omniCodeSets4d.pdb
src\lib\omniORB\codesets\shared\cs-037.o
src\lib\omniORB\codesets\shared\cs-500.o
src\lib\omniORB\codesets\shared\cs-8859-10.o
src\lib\omniORB\codesets\shared\cs-8859-11.o
src\lib\omniORB\codesets\shared\cs-8859-13.o
src\lib\omniORB\codesets\shared\cs-8859-14.o
src\lib\omniORB\codesets\shared\cs-8859-15.o
src\lib\omniORB\codesets\shared\cs-8859-16.o
src\lib\omniORB\codesets\shared\cs-8859-2.o
src\lib\omniORB\codesets\shared\cs-8859-3.o
src\lib\omniORB\codesets\shared\cs-8859-4.o
src\lib\omniORB\codesets\shared\cs-8859-5.o
src\lib\omniORB\codesets\shared\cs-8859-6.o
src\lib\omniORB\codesets\shared\cs-8859-7.o
src\lib\omniORB\codesets\shared\cs-8859-8.o
src\lib\omniORB\codesets\shared\cs-8859-9.o
src\lib\omniORB\codesets\shared\cs-cp1250.o
src\lib\omniORB\codesets\shared\cs-cp1251.o
src\lib\omniORB\codesets\shared\cs-cp1252.o
src\lib\omniORB\codesets\shared\cs-cp1253.o
src\lib\omniORB\codesets\shared\cs-cp1254.o
src\lib\omniORB\codesets\shared\cs-cp1255.o
src\lib\omniORB\codesets\shared\cs-cp1256.o
src\lib\omniORB\codesets\shared\cs-cp1257.o
src\lib\omniORB\codesets\shared\cs-cp1258.o
src\lib\omniORB\codesets\shared\cs-EDF-4.o
src\lib\omniORB\codesets\shared\cs-GBK.o
src\lib\omniORB\codesets\shared\cs-UCS-4.o
src\lib\omniORB\codesets\shared\msvcdllstub.o
src\lib\omniORB\codesets\shared\omniCodeSets.o
src\lib\omniORB\codesets\shared\omniCodeSets4.def
src\lib\omniORB\codesets\shared\omniCodeSets421_rt.exp
src\lib\omniORB\codesets\shared\omniCodeSets421_rt.lib
src\lib\omniORB\codesets\shared\omniCodeSets421_vc12_rt.dll
src\lib\omniORB\codesets\shared\omniCodeSets421_vc12_rt.dll.manifest
src\lib\omniORB\codesets\shared\omniCodeSets421_vc12_rt.ilk
src\lib\omniORB\codesets\shared\omniCodeSets421_vc12_rt.pdb
src\lib\omniORB\codesets\shared\omniCodeSets421_vc12_rt.rc
src\lib\omniORB\codesets\shared\omniCodeSets421_vc12_rt.res
src\lib\omniORB\codesets\shared\vc120.pdb
src\lib\omniORB\codesets\shareddebug\cs-037.o
src\lib\omniORB\codesets\shareddebug\cs-500.o
src\lib\omniORB\codesets\shareddebug\cs-8859-10.o
src\lib\omniORB\codesets\shareddebug\cs-8859-11.o
src\lib\omniORB\codesets\shareddebug\cs-8859-13.o
src\lib\omniORB\codesets\shareddebug\cs-8859-14.o
src\lib\omniORB\codesets\shareddebug\cs-8859-15.o
src\lib\omniORB\codesets\shareddebug\cs-8859-16.o
src\lib\omniORB\codesets\shareddebug\cs-8859-2.o
src\lib\omniORB\codesets\shareddebug\cs-8859-3.o
src\lib\omniORB\codesets\shareddebug\cs-8859-4.o
src\lib\omniORB\codesets\shareddebug\cs-8859-5.o
src\lib\omniORB\codesets\shareddebug\cs-8859-6.o
src\lib\omniORB\codesets\shareddebug\cs-8859-7.o
src\lib\omniORB\codesets\shareddebug\cs-8859-8.o
src\lib\omniORB\codesets\shareddebug\cs-8859-9.o
src\lib\omniORB\codesets\shareddebug\cs-cp1250.o
src\lib\omniORB\codesets\shareddebug\cs-cp1251.o
src\lib\omniORB\codesets\shareddebug\cs-cp1252.o
src\lib\omniORB\codesets\shareddebug\cs-cp1253.o
src\lib\omniORB\codesets\shareddebug\cs-cp1254.o
src\lib\omniORB\codesets\shareddebug\cs-cp1255.o
src\lib\omniORB\codesets\shareddebug\cs-cp1256.o
src\lib\omniORB\codesets\shareddebug\cs-cp1257.o
src\lib\omniORB\codesets\shareddebug\cs-cp1258.o
src\lib\omniORB\codesets\shareddebug\cs-EDF-4.o
src\lib\omniORB\codesets\shareddebug\cs-GBK.o
src\lib\omniORB\codesets\shareddebug\cs-UCS-4.o
src\lib\omniORB\codesets\shareddebug\msvcdllstub.o
src\lib\omniORB\codesets\shareddebug\omniCodeSets.o
src\lib\omniORB\codesets\shareddebug\omniCodeSets421_rtd.exp
src\lib\omniORB\codesets\shareddebug\omniCodeSets421_rtd.lib
src\lib\omniORB\codesets\shareddebug\omniCodeSets421_vc12_rtd.dll
src\lib\omniORB\codesets\shareddebug\omniCodeSets421_vc12_rtd.dll.manifest
src\lib\omniORB\codesets\shareddebug\omniCodeSets421_vc12_rtd.ilk
src\lib\omniORB\codesets\shareddebug\omniCodeSets421_vc12_rtd.pdb
src\lib\omniORB\codesets\shareddebug\omniCodeSets421_vc12_rtd.rc
src\lib\omniORB\codesets\shareddebug\omniCodeSets421_vc12_rtd.res
src\lib\omniORB\codesets\shareddebug\omniCodeSets4d.def
src\lib\omniORB\codesets\shareddebug\vc120.pdb
src\lib\omniORB\codesets\static\cs-037.o
src\lib\omniORB\codesets\static\cs-500.o
src\lib\omniORB\codesets\static\cs-8859-10.o
src\lib\omniORB\codesets\static\cs-8859-11.o
src\lib\omniORB\codesets\static\cs-8859-13.o
src\lib\omniORB\codesets\static\cs-8859-14.o
src\lib\omniORB\codesets\static\cs-8859-15.o
src\lib\omniORB\codesets\static\cs-8859-16.o
src\lib\omniORB\codesets\static\cs-8859-2.o
src\lib\omniORB\codesets\static\cs-8859-3.o
src\lib\omniORB\codesets\static\cs-8859-4.o
src\lib\omniORB\codesets\static\cs-8859-5.o
src\lib\omniORB\codesets\static\cs-8859-6.o
src\lib\omniORB\codesets\static\cs-8859-7.o
src\lib\omniORB\codesets\static\cs-8859-8.o
src\lib\omniORB\codesets\static\cs-8859-9.o
src\lib\omniORB\codesets\static\cs-cp1250.o
src\lib\omniORB\codesets\static\cs-cp1251.o
src\lib\omniORB\codesets\static\cs-cp1252.o
src\lib\omniORB\codesets\static\cs-cp1253.o
src\lib\omniORB\codesets\static\cs-cp1254.o
src\lib\omniORB\codesets\static\cs-cp1255.o
src\lib\omniORB\codesets\static\cs-cp1256.o
src\lib\omniORB\codesets\static\cs-cp1257.o
src\lib\omniORB\codesets\static\cs-cp1258.o
src\lib\omniORB\codesets\static\cs-EDF-4.o
src\lib\omniORB\codesets\static\cs-GBK.o
src\lib\omniORB\codesets\static\cs-UCS-4.o
src\lib\omniORB\codesets\static\omniCodeSets.o
src\lib\omniORB\codesets\static\omniCodeSets4.lib
src\lib\omniORB\codesets\static\omniCodeSets4.pdb
src\lib\omniORB\connections\dataStub.d
src\lib\omniORB\connections\omniConnectionMgmt.d
src\lib\omniORB\connections\omniConnectionMgmt4_rt.lib
src\lib\omniORB\connections\omniConnectionMgmt4_rtd.lib
src\lib\omniORB\connections\debug\dataStub.o
src\lib\omniORB\connections\debug\omniConnectionMgmt.o
src\lib\omniORB\connections\debug\omniConnectionMgmt4d.lib
src\lib\omniORB\connections\debug\omniConnectionMgmt4d.pdb
src\lib\omniORB\connections\shared\dataStub.o
src\lib\omniORB\connections\shared\msvcdllstub.o
src\lib\omniORB\connections\shared\omniConnectionMgmt.o
src\lib\omniORB\connections\shared\omniConnectionMgmt4.def
src\lib\omniORB\connections\shared\omniConnectionMgmt421_rt.exp
src\lib\omniORB\connections\shared\omniConnectionMgmt421_rt.lib
src\lib\omniORB\connections\shared\omniConnectionMgmt421_vc12_rt.dll
src\lib\omniORB\connections\shared\omniConnectionMgmt421_vc12_rt.dll.manifest
src\lib\omniORB\connections\shared\omniConnectionMgmt421_vc12_rt.ilk
src\lib\omniORB\connections\shared\omniConnectionMgmt421_vc12_rt.pdb
src\lib\omniORB\connections\shared\omniConnectionMgmt421_vc12_rt.rc
src\lib\omniORB\connections\shared\omniConnectionMgmt421_vc12_rt.res
src\lib\omniORB\connections\shared\vc120.pdb
src\lib\omniORB\connections\shareddebug\dataStub.o
src\lib\omniORB\connections\shareddebug\msvcdllstub.o
src\lib\omniORB\connections\shareddebug\omniConnectionMgmt.o
src\lib\omniORB\connections\shareddebug\omniConnectionMgmt421_rtd.exp
src\lib\omniORB\connections\shareddebug\omniConnectionMgmt421_rtd.lib
src\lib\omniORB\connections\shareddebug\omniConnectionMgmt421_vc12_rtd.dll
src\lib\omniORB\connections\shareddebug\omniConnectionMgmt421_vc12_rtd.dll.manifest
src\lib\omniORB\connections\shareddebug\omniConnectionMgmt421_vc12_rtd.ilk
src\lib\omniORB\connections\shareddebug\omniConnectionMgmt421_vc12_rtd.pdb
src\lib\omniORB\connections\shareddebug\omniConnectionMgmt421_vc12_rtd.rc
src\lib\omniORB\connections\shareddebug\omniConnectionMgmt421_vc12_rtd.res
src\lib\omniORB\connections\shareddebug\omniConnectionMgmt4d.def
src\lib\omniORB\connections\shareddebug\vc120.pdb
src\lib\omniORB\connections\static\dataStub.o
src\lib\omniORB\connections\static\omniConnectionMgmt.o
src\lib\omniORB\connections\static\omniConnectionMgmt4.lib
src\lib\omniORB\connections\static\omniConnectionMgmt4.pdb
src\lib\omniORB\dynamic\abstractBase.d
src\lib\omniORB\dynamic\ami.d
src\lib\omniORB\dynamic\any.d
src\lib\omniORB\dynamic\anyStream.d
src\lib\omniORB\dynamic\bootstrapdynstub.d
src\lib\omniORB\dynamic\boxes.d
src\lib\omniORB\dynamic\constants.d
src\lib\omniORB\dynamic\context.d
src\lib\omniORB\dynamic\contextList.d
src\lib\omniORB\dynamic\corbaidldynstub.d
src\lib\omniORB\dynamic\corbaidlstub.d
src\lib\omniORB\dynamic\dynamicImplementation.d
src\lib\omniORB\dynamic\dynamicLib.d
src\lib\omniORB\dynamic\dynAny.d
src\lib\omniORB\dynamic\dynAnyNil.d
src\lib\omniORB\dynamic\dynException.d
src\lib\omniORB\dynamic\environment.d
src\lib\omniORB\dynamic\exceptionList.d
src\lib\omniORB\dynamic\ir.d
src\lib\omniORB\dynamic\irdynstub.d
src\lib\omniORB\dynamic\irstub.d
src\lib\omniORB\dynamic\messagingstub.d
src\lib\omniORB\dynamic\namedValue.d
src\lib\omniORB\dynamic\Namingdynstub.d
src\lib\omniORB\dynamic\nvList.d
src\lib\omniORB\dynamic\omniDynamic4_rt.lib
src\lib\omniORB\dynamic\omniDynamic4_rtd.lib
src\lib\omniORB\dynamic\omniTypedefs.d
src\lib\omniORB\dynamic\orbMultiRequest.d
src\lib\omniORB\dynamic\poastub.d
src\lib\omniORB\dynamic\policy.d
src\lib\omniORB\dynamic\pollablestub.d
src\lib\omniORB\dynamic\pseudoBase.d
src\lib\omniORB\dynamic\request.d
src\lib\omniORB\dynamic\serverRequest.d
src\lib\omniORB\dynamic\tcParser.d
src\lib\omniORB\dynamic\typecode.d
src\lib\omniORB\dynamic\unknownUserExn.d
src\lib\omniORB\dynamic\unknownValue.d
src\lib\omniORB\dynamic\valueBase.d
src\lib\omniORB\dynamic\valueFactory.d
src\lib\omniORB\dynamic\valueTracker.d
src\lib\omniORB\dynamic\valueType.d
src\lib\omniORB\dynamic\debug\abstractBase.o
src\lib\omniORB\dynamic\debug\ami.o
src\lib\omniORB\dynamic\debug\any.o
src\lib\omniORB\dynamic\debug\anyStream.o
src\lib\omniORB\dynamic\debug\bootstrapdynstub.o
src\lib\omniORB\dynamic\debug\boxes.o
src\lib\omniORB\dynamic\debug\constants.o
src\lib\omniORB\dynamic\debug\context.o
src\lib\omniORB\dynamic\debug\contextList.o
src\lib\omniORB\dynamic\debug\corbaidldynstub.o
src\lib\omniORB\dynamic\debug\corbaidlstub.o
src\lib\omniORB\dynamic\debug\dynamicImplementation.o
src\lib\omniORB\dynamic\debug\dynamicLib.o
src\lib\omniORB\dynamic\debug\dynAny.o
src\lib\omniORB\dynamic\debug\dynAnyNil.o
src\lib\omniORB\dynamic\debug\dynException.o
src\lib\omniORB\dynamic\debug\environment.o
src\lib\omniORB\dynamic\debug\exceptionList.o
src\lib\omniORB\dynamic\debug\ir.o
src\lib\omniORB\dynamic\debug\irdynstub.o
src\lib\omniORB\dynamic\debug\irstub.o
src\lib\omniORB\dynamic\debug\messagingstub.o
src\lib\omniORB\dynamic\debug\namedValue.o
src\lib\omniORB\dynamic\debug\Namingdynstub.o
src\lib\omniORB\dynamic\debug\nvList.o
src\lib\omniORB\dynamic\debug\omniDynamic4d.lib
src\lib\omniORB\dynamic\debug\omniDynamic4d.pdb
src\lib\omniORB\dynamic\debug\omniTypedefs.o
src\lib\omniORB\dynamic\debug\orbMultiRequest.o
src\lib\omniORB\dynamic\debug\poastub.o
src\lib\omniORB\dynamic\debug\policy.o
src\lib\omniORB\dynamic\debug\pollablestub.o
src\lib\omniORB\dynamic\debug\pseudoBase.o
src\lib\omniORB\dynamic\debug\request.o
src\lib\omniORB\dynamic\debug\serverRequest.o
src\lib\omniORB\dynamic\debug\tcParser.o
src\lib\omniORB\dynamic\debug\typecode.o
src\lib\omniORB\dynamic\debug\unknownUserExn.o
src\lib\omniORB\dynamic\debug\unknownValue.o
src\lib\omniORB\dynamic\debug\valueBase.o
src\lib\omniORB\dynamic\debug\valueFactory.o
src\lib\omniORB\dynamic\debug\valueTracker.o
src\lib\omniORB\dynamic\debug\valueType.o
src\lib\omniORB\dynamic\shared\abstractBase.o
src\lib\omniORB\dynamic\shared\ami.o
src\lib\omniORB\dynamic\shared\any.o
src\lib\omniORB\dynamic\shared\anyStream.o
src\lib\omniORB\dynamic\shared\bootstrapdynstub.o
src\lib\omniORB\dynamic\shared\boxes.o
src\lib\omniORB\dynamic\shared\constants.o
src\lib\omniORB\dynamic\shared\context.o
src\lib\omniORB\dynamic\shared\contextList.o
src\lib\omniORB\dynamic\shared\corbaidldynstub.o
src\lib\omniORB\dynamic\shared\corbaidlstub.o
src\lib\omniORB\dynamic\shared\dynamicImplementation.o
src\lib\omniORB\dynamic\shared\dynamicLib.o
src\lib\omniORB\dynamic\shared\dynAny.o
src\lib\omniORB\dynamic\shared\dynAnyNil.o
src\lib\omniORB\dynamic\shared\dynException.o
src\lib\omniORB\dynamic\shared\environment.o
src\lib\omniORB\dynamic\shared\exceptionList.o
src\lib\omniORB\dynamic\shared\ir.o
src\lib\omniORB\dynamic\shared\irdynstub.o
src\lib\omniORB\dynamic\shared\irstub.o
src\lib\omniORB\dynamic\shared\messagingstub.o
src\lib\omniORB\dynamic\shared\namedValue.o
src\lib\omniORB\dynamic\shared\Namingdynstub.o
src\lib\omniORB\dynamic\shared\nvList.o
src\lib\omniORB\dynamic\shared\omniDynamic4.def
src\lib\omniORB\dynamic\shared\omniDynamic421_rt.exp
src\lib\omniORB\dynamic\shared\omniDynamic421_rt.lib
src\lib\omniORB\dynamic\shared\omniDynamic421_vc12_rt.dll
src\lib\omniORB\dynamic\shared\omniDynamic421_vc12_rt.dll.manifest
src\lib\omniORB\dynamic\shared\omniDynamic421_vc12_rt.ilk
src\lib\omniORB\dynamic\shared\omniDynamic421_vc12_rt.pdb
src\lib\omniORB\dynamic\shared\omniDynamic421_vc12_rt.rc
src\lib\omniORB\dynamic\shared\omniDynamic421_vc12_rt.res
src\lib\omniORB\dynamic\shared\omniTypedefs.o
src\lib\omniORB\dynamic\shared\orbMultiRequest.o
src\lib\omniORB\dynamic\shared\poastub.o
src\lib\omniORB\dynamic\shared\policy.o
src\lib\omniORB\dynamic\shared\pollablestub.o
src\lib\omniORB\dynamic\shared\pseudoBase.o
src\lib\omniORB\dynamic\shared\request.o
src\lib\omniORB\dynamic\shared\serverRequest.o
src\lib\omniORB\dynamic\shared\tcParser.o
src\lib\omniORB\dynamic\shared\typecode.o
src\lib\omniORB\dynamic\shared\unknownUserExn.o
src\lib\omniORB\dynamic\shared\unknownValue.o
src\lib\omniORB\dynamic\shared\valueBase.o
src\lib\omniORB\dynamic\shared\valueFactory.o
src\lib\omniORB\dynamic\shared\valueTracker.o
src\lib\omniORB\dynamic\shared\valueType.o
src\lib\omniORB\dynamic\shared\vc120.pdb
src\lib\omniORB\dynamic\shareddebug\abstractBase.o
src\lib\omniORB\dynamic\shareddebug\ami.o
src\lib\omniORB\dynamic\shareddebug\any.o
src\lib\omniORB\dynamic\shareddebug\anyStream.o
src\lib\omniORB\dynamic\shareddebug\bootstrapdynstub.o
src\lib\omniORB\dynamic\shareddebug\boxes.o
src\lib\omniORB\dynamic\shareddebug\constants.o
src\lib\omniORB\dynamic\shareddebug\context.o
src\lib\omniORB\dynamic\shareddebug\contextList.o
src\lib\omniORB\dynamic\shareddebug\corbaidldynstub.o
src\lib\omniORB\dynamic\shareddebug\corbaidlstub.o
src\lib\omniORB\dynamic\shareddebug\dynamicImplementation.o
src\lib\omniORB\dynamic\shareddebug\dynamicLib.o
src\lib\omniORB\dynamic\shareddebug\dynAny.o
src\lib\omniORB\dynamic\shareddebug\dynAnyNil.o
src\lib\omniORB\dynamic\shareddebug\dynException.o
src\lib\omniORB\dynamic\shareddebug\environment.o
src\lib\omniORB\dynamic\shareddebug\exceptionList.o
src\lib\omniORB\dynamic\shareddebug\ir.o
src\lib\omniORB\dynamic\shareddebug\irdynstub.o
src\lib\omniORB\dynamic\shareddebug\irstub.o
src\lib\omniORB\dynamic\shareddebug\messagingstub.o
src\lib\omniORB\dynamic\shareddebug\namedValue.o
src\lib\omniORB\dynamic\shareddebug\Namingdynstub.o
src\lib\omniORB\dynamic\shareddebug\nvList.o
src\lib\omniORB\dynamic\shareddebug\omniDynamic421_rtd.exp
src\lib\omniORB\dynamic\shareddebug\omniDynamic421_rtd.lib
src\lib\omniORB\dynamic\shareddebug\omniDynamic421_vc12_rtd.dll
src\lib\omniORB\dynamic\shareddebug\omniDynamic421_vc12_rtd.dll.manifest
src\lib\omniORB\dynamic\shareddebug\omniDynamic421_vc12_rtd.ilk
src\lib\omniORB\dynamic\shareddebug\omniDynamic421_vc12_rtd.pdb
src\lib\omniORB\dynamic\shareddebug\omniDynamic421_vc12_rtd.rc
src\lib\omniORB\dynamic\shareddebug\omniDynamic421_vc12_rtd.res
src\lib\omniORB\dynamic\shareddebug\omniDynamic4d.def
src\lib\omniORB\dynamic\shareddebug\omniTypedefs.o
src\lib\omniORB\dynamic\shareddebug\orbMultiRequest.o
src\lib\omniORB\dynamic\shareddebug\poastub.o
src\lib\omniORB\dynamic\shareddebug\policy.o
src\lib\omniORB\dynamic\shareddebug\pollablestub.o
src\lib\omniORB\dynamic\shareddebug\pseudoBase.o
src\lib\omniORB\dynamic\shareddebug\request.o
src\lib\omniORB\dynamic\shareddebug\serverRequest.o
src\lib\omniORB\dynamic\shareddebug\tcParser.o
src\lib\omniORB\dynamic\shareddebug\typecode.o
src\lib\omniORB\dynamic\shareddebug\unknownUserExn.o
src\lib\omniORB\dynamic\shareddebug\unknownValue.o
src\lib\omniORB\dynamic\shareddebug\valueBase.o
src\lib\omniORB\dynamic\shareddebug\valueFactory.o
src\lib\omniORB\dynamic\shareddebug\valueTracker.o
src\lib\omniORB\dynamic\shareddebug\valueType.o
src\lib\omniORB\dynamic\shareddebug\vc120.pdb
src\lib\omniORB\dynamic\static\abstractBase.o
src\lib\omniORB\dynamic\static\ami.o
src\lib\omniORB\dynamic\static\any.o
src\lib\omniORB\dynamic\static\anyStream.o
src\lib\omniORB\dynamic\static\bootstrapdynstub.o
src\lib\omniORB\dynamic\static\boxes.o
src\lib\omniORB\dynamic\static\constants.o
src\lib\omniORB\dynamic\static\context.o
src\lib\omniORB\dynamic\static\contextList.o
src\lib\omniORB\dynamic\static\corbaidldynstub.o
src\lib\omniORB\dynamic\static\corbaidlstub.o
src\lib\omniORB\dynamic\static\dynamicImplementation.o
src\lib\omniORB\dynamic\static\dynamicLib.o
src\lib\omniORB\dynamic\static\dynAny.o
src\lib\omniORB\dynamic\static\dynAnyNil.o
src\lib\omniORB\dynamic\static\dynException.o
src\lib\omniORB\dynamic\static\environment.o
src\lib\omniORB\dynamic\static\exceptionList.o
src\lib\omniORB\dynamic\static\ir.o
src\lib\omniORB\dynamic\static\irdynstub.o
src\lib\omniORB\dynamic\static\irstub.o
src\lib\omniORB\dynamic\static\messagingstub.o
src\lib\omniORB\dynamic\static\namedValue.o
src\lib\omniORB\dynamic\static\Namingdynstub.o
src\lib\omniORB\dynamic\static\nvList.o
src\lib\omniORB\dynamic\static\omniDynamic4.lib
src\lib\omniORB\dynamic\static\omniDynamic4.pdb
src\lib\omniORB\dynamic\static\omniTypedefs.o
src\lib\omniORB\dynamic\static\orbMultiRequest.o
src\lib\omniORB\dynamic\static\poastub.o
src\lib\omniORB\dynamic\static\policy.o
src\lib\omniORB\dynamic\static\pollablestub.o
src\lib\omniORB\dynamic\static\pseudoBase.o
src\lib\omniORB\dynamic\static\request.o
src\lib\omniORB\dynamic\static\serverRequest.o
src\lib\omniORB\dynamic\static\tcParser.o
src\lib\omniORB\dynamic\static\typecode.o
src\lib\omniORB\dynamic\static\unknownUserExn.o
src\lib\omniORB\dynamic\static\unknownValue.o
src\lib\omniORB\dynamic\static\valueBase.o
src\lib\omniORB\dynamic\static\valueFactory.o
src\lib\omniORB\dynamic\static\valueTracker.o
src\lib\omniORB\dynamic\static\valueType.o
src\lib\omniORB\omniORB4\bootstrap.hh
src\lib\omniORB\omniORB4\bootstrapDynSK.cc
src\lib\omniORB\omniORB4\bootstrapSK.cc
src\lib\omniORB\omniORB4\boxesDynSK.cc
src\lib\omniORB\omniORB4\boxesSK.cc
src\lib\omniORB\omniORB4\boxes_defs.hh
src\lib\omniORB\omniORB4\boxes_operators.hh
src\lib\omniORB\omniORB4\boxes_poa.hh
src\lib\omniORB\omniORB4\corbaidlDynSK.cc
src\lib\omniORB\omniORB4\corbaidlSK.cc
src\lib\omniORB\omniORB4\corbaidl_defs.hh
src\lib\omniORB\omniORB4\corbaidl_operators.hh
src\lib\omniORB\omniORB4\corbaidl_poa.hh
src\lib\omniORB\omniORB4\distdate.hh
src\lib\omniORB\omniORB4\irDynSK.cc
src\lib\omniORB\omniORB4\irSK.cc
src\lib\omniORB\omniORB4\ir_defs.hh
src\lib\omniORB\omniORB4\ir_operators.hh
src\lib\omniORB\omniORB4\ir_poa.hh
src\lib\omniORB\omniORB4\messaging.hh
src\lib\omniORB\omniORB4\messagingSK.cc
src\lib\omniORB\omniORB4\Naming.hh
src\lib\omniORB\omniORB4\NamingDynSK.cc
src\lib\omniORB\omniORB4\NamingSK.cc
src\lib\omniORB\omniORB4\omniConnectionData.hh
src\lib\omniORB\omniORB4\omniConnectionDataSK.cc
src\lib\omniORB\omniORB4\omniTypedefs.hh
src\lib\omniORB\omniORB4\omniTypedefsSK.cc
src\lib\omniORB\omniORB4\poa_enumsDynSK.cc
src\lib\omniORB\omniORB4\poa_enumsSK.cc
src\lib\omniORB\omniORB4\poa_enums_defs.hh
src\lib\omniORB\omniORB4\poa_enums_operators.hh
src\lib\omniORB\omniORB4\poa_enums_poa.hh
src\lib\omniORB\omniORB4\pollableDynSK.cc
src\lib\omniORB\omniORB4\pollableSK.cc
src\lib\omniORB\omniORB4\pollable_defs.hh
src\lib\omniORB\omniORB4\pollable_operators.hh
src\lib\omniORB\omniORB4\pollable_poa.hh
src\lib\omniORB\orbcore\anonObject.d
src\lib\omniORB\orbcore\bootstrapstub.d
src\lib\omniORB\orbcore\callDescriptor.d
src\lib\omniORB\orbcore\callHandle.d
src\lib\omniORB\orbcore\cdrMemoryStream.d
src\lib\omniORB\orbcore\cdrStream.d
src\lib\omniORB\orbcore\cdrStreamAdapter.d
src\lib\omniORB\orbcore\cdrValueChunkStream.d
src\lib\omniORB\orbcore\codeSets.d
src\lib\omniORB\orbcore\constants.d
src\lib\omniORB\orbcore\corbaBoa.d
src\lib\omniORB\orbcore\corbaFixed.d
src\lib\omniORB\orbcore\corbaObject.d
src\lib\omniORB\orbcore\corbaOrb.d
src\lib\omniORB\orbcore\corbaString.d
src\lib\omniORB\orbcore\corbaWString.d
src\lib\omniORB\orbcore\cs-16bit.d
src\lib\omniORB\orbcore\cs-8859-1.d
src\lib\omniORB\orbcore\cs-8bit.d
src\lib\omniORB\orbcore\cs-UTF-16.d
src\lib\omniORB\orbcore\cs-UTF-8.d
src\lib\omniORB\orbcore\current.d
src\lib\omniORB\orbcore\dynamicLib.d
src\lib\omniORB\orbcore\exception.d
src\lib\omniORB\orbcore\exceptn.d
src\lib\omniORB\orbcore\giopBiDir.d
src\lib\omniORB\orbcore\giopEndpoint.d
src\lib\omniORB\orbcore\giopImpl10.d
src\lib\omniORB\orbcore\giopImpl11.d
src\lib\omniORB\orbcore\giopImpl12.d
src\lib\omniORB\orbcore\giopMonitor.d
src\lib\omniORB\orbcore\giopRendezvouser.d
src\lib\omniORB\orbcore\giopRope.d
src\lib\omniORB\orbcore\giopServer.d
src\lib\omniORB\orbcore\giopStrand.d
src\lib\omniORB\orbcore\giopStream.d
src\lib\omniORB\orbcore\giopStreamImpl.d
src\lib\omniORB\orbcore\giopWorker.d
src\lib\omniORB\orbcore\GIOP_C.d
src\lib\omniORB\orbcore\GIOP_S.d
src\lib\omniORB\orbcore\initRefs.d
src\lib\omniORB\orbcore\inProcessIdentity.d
src\lib\omniORB\orbcore\interceptors.d
src\lib\omniORB\orbcore\invoker.d
src\lib\omniORB\orbcore\ior.d
src\lib\omniORB\orbcore\libcWrapper.d
src\lib\omniORB\orbcore\localIdentity.d
src\lib\omniORB\orbcore\localObject.d
src\lib\omniORB\orbcore\logIOstream.d
src\lib\omniORB\orbcore\minorCode.d
src\lib\omniORB\orbcore\Namingstub.d
src\lib\omniORB\orbcore\objectAdapter.d
src\lib\omniORB\orbcore\objectStub.d
src\lib\omniORB\orbcore\omniIdentity.d
src\lib\omniORB\orbcore\omniInternal.d
src\lib\omniORB\orbcore\omniIOR.d
src\lib\omniORB\orbcore\omniObjRef.d
src\lib\omniORB\orbcore\omniORB.d
src\lib\omniORB\orbcore\omniORB4_rt.lib
src\lib\omniORB\orbcore\omniORB4_rtd.lib
src\lib\omniORB\orbcore\omniPolicy.d
src\lib\omniORB\orbcore\omniServant.d
src\lib\omniORB\orbcore\omniTransport.d
src\lib\omniORB\orbcore\orbOptions.d
src\lib\omniORB\orbcore\orbOptionsFile.d
src\lib\omniORB\orbcore\orbOptionsReg.d
src\lib\omniORB\orbcore\poa.d
src\lib\omniORB\orbcore\poamanager.d
src\lib\omniORB\orbcore\poastubs.d
src\lib\omniORB\orbcore\policy.d
src\lib\omniORB\orbcore\portableserver.d
src\lib\omniORB\orbcore\proxyFactory.d
src\lib\omniORB\orbcore\remoteIdentity.d
src\lib\omniORB\orbcore\rmutex.d
src\lib\omniORB\orbcore\shutdownIdentity.d
src\lib\omniORB\orbcore\SocketCollection.d
src\lib\omniORB\orbcore\tcpActive.d
src\lib\omniORB\orbcore\tcpAddress.d
src\lib\omniORB\orbcore\tcpConnection.d
src\lib\omniORB\orbcore\tcpEndpoint.d
src\lib\omniORB\orbcore\tcpSocket.d
src\lib\omniORB\orbcore\tcpTransportImpl.d
src\lib\omniORB\orbcore\tracedthread.d
src\lib\omniORB\orbcore\transportRules.d
src\lib\omniORB\orbcore\uri.d
src\lib\omniORB\orbcore\debug\anonObject.o
src\lib\omniORB\orbcore\debug\bootstrapstub.o
src\lib\omniORB\orbcore\debug\callDescriptor.o
src\lib\omniORB\orbcore\debug\callHandle.o
src\lib\omniORB\orbcore\debug\cdrMemoryStream.o
src\lib\omniORB\orbcore\debug\cdrStream.o
src\lib\omniORB\orbcore\debug\cdrStreamAdapter.o
src\lib\omniORB\orbcore\debug\cdrValueChunkStream.o
src\lib\omniORB\orbcore\debug\codeSets.o
src\lib\omniORB\orbcore\debug\constants.o
src\lib\omniORB\orbcore\debug\corbaBoa.o
src\lib\omniORB\orbcore\debug\corbaFixed.o
src\lib\omniORB\orbcore\debug\corbaObject.o
src\lib\omniORB\orbcore\debug\corbaOrb.o
src\lib\omniORB\orbcore\debug\corbaString.o
src\lib\omniORB\orbcore\debug\corbaWString.o
src\lib\omniORB\orbcore\debug\cs-16bit.o
src\lib\omniORB\orbcore\debug\cs-8859-1.o
src\lib\omniORB\orbcore\debug\cs-8bit.o
src\lib\omniORB\orbcore\debug\cs-UTF-16.o
src\lib\omniORB\orbcore\debug\cs-UTF-8.o
src\lib\omniORB\orbcore\debug\current.o
src\lib\omniORB\orbcore\debug\dynamicLib.o
src\lib\omniORB\orbcore\debug\exception.o
src\lib\omniORB\orbcore\debug\exceptn.o
src\lib\omniORB\orbcore\debug\giopBiDir.o
src\lib\omniORB\orbcore\debug\giopEndpoint.o
src\lib\omniORB\orbcore\debug\giopImpl10.o
src\lib\omniORB\orbcore\debug\giopImpl11.o
src\lib\omniORB\orbcore\debug\giopImpl12.o
src\lib\omniORB\orbcore\debug\giopMonitor.o
src\lib\omniORB\orbcore\debug\giopRendezvouser.o
src\lib\omniORB\orbcore\debug\giopRope.o
src\lib\omniORB\orbcore\debug\giopServer.o
src\lib\omniORB\orbcore\debug\giopStrand.o
src\lib\omniORB\orbcore\debug\giopStream.o
src\lib\omniORB\orbcore\debug\giopStreamImpl.o
src\lib\omniORB\orbcore\debug\giopWorker.o
src\lib\omniORB\orbcore\debug\GIOP_C.o
src\lib\omniORB\orbcore\debug\GIOP_S.o
src\lib\omniORB\orbcore\debug\initRefs.o
src\lib\omniORB\orbcore\debug\inProcessIdentity.o
src\lib\omniORB\orbcore\debug\interceptors.o
src\lib\omniORB\orbcore\debug\invoker.o
src\lib\omniORB\orbcore\debug\ior.o
src\lib\omniORB\orbcore\debug\libcWrapper.o
src\lib\omniORB\orbcore\debug\localIdentity.o
src\lib\omniORB\orbcore\debug\localObject.o
src\lib\omniORB\orbcore\debug\logIOstream.o
src\lib\omniORB\orbcore\debug\minorCode.o
src\lib\omniORB\orbcore\debug\msvcdllstub.o
src\lib\omniORB\orbcore\debug\msvcstubd.lib
src\lib\omniORB\orbcore\debug\Namingstub.o
src\lib\omniORB\orbcore\debug\objectAdapter.o
src\lib\omniORB\orbcore\debug\objectStub.o
src\lib\omniORB\orbcore\debug\omniIdentity.o
src\lib\omniORB\orbcore\debug\omniInternal.o
src\lib\omniORB\orbcore\debug\omniIOR.o
src\lib\omniORB\orbcore\debug\omniObjRef.o
src\lib\omniORB\orbcore\debug\omniORB.o
src\lib\omniORB\orbcore\debug\omniORB4d.lib
src\lib\omniORB\orbcore\debug\omniORB4d.pdb
src\lib\omniORB\orbcore\debug\omniPolicy.o
src\lib\omniORB\orbcore\debug\omniServant.o
src\lib\omniORB\orbcore\debug\omniTransport.o
src\lib\omniORB\orbcore\debug\orbOptions.o
src\lib\omniORB\orbcore\debug\orbOptionsFile.o
src\lib\omniORB\orbcore\debug\orbOptionsReg.o
src\lib\omniORB\orbcore\debug\poa.o
src\lib\omniORB\orbcore\debug\poamanager.o
src\lib\omniORB\orbcore\debug\poastubs.o
src\lib\omniORB\orbcore\debug\policy.o
src\lib\omniORB\orbcore\debug\portableserver.o
src\lib\omniORB\orbcore\debug\proxyFactory.o
src\lib\omniORB\orbcore\debug\remoteIdentity.o
src\lib\omniORB\orbcore\debug\rmutex.o
src\lib\omniORB\orbcore\debug\shutdownIdentity.o
src\lib\omniORB\orbcore\debug\SocketCollection.o
src\lib\omniORB\orbcore\debug\tcpActive.o
src\lib\omniORB\orbcore\debug\tcpAddress.o
src\lib\omniORB\orbcore\debug\tcpConnection.o
src\lib\omniORB\orbcore\debug\tcpEndpoint.o
src\lib\omniORB\orbcore\debug\tcpSocket.o
src\lib\omniORB\orbcore\debug\tcpTransportImpl.o
src\lib\omniORB\orbcore\debug\tracedthread.o
src\lib\omniORB\orbcore\debug\transportRules.o
src\lib\omniORB\orbcore\debug\uri.o
src\lib\omniORB\orbcore\shared\anonObject.o
src\lib\omniORB\orbcore\shared\bootstrapstub.o
src\lib\omniORB\orbcore\shared\callDescriptor.o
src\lib\omniORB\orbcore\shared\callHandle.o
src\lib\omniORB\orbcore\shared\cdrMemoryStream.o
src\lib\omniORB\orbcore\shared\cdrStream.o
src\lib\omniORB\orbcore\shared\cdrStreamAdapter.o
src\lib\omniORB\orbcore\shared\cdrValueChunkStream.o
src\lib\omniORB\orbcore\shared\codeSets.o
src\lib\omniORB\orbcore\shared\constants.o
src\lib\omniORB\orbcore\shared\corbaBoa.o
src\lib\omniORB\orbcore\shared\corbaFixed.o
src\lib\omniORB\orbcore\shared\corbaObject.o
src\lib\omniORB\orbcore\shared\corbaOrb.o
src\lib\omniORB\orbcore\shared\corbaString.o
src\lib\omniORB\orbcore\shared\corbaWString.o
src\lib\omniORB\orbcore\shared\cs-16bit.o
src\lib\omniORB\orbcore\shared\cs-8859-1.o
src\lib\omniORB\orbcore\shared\cs-8bit.o
src\lib\omniORB\orbcore\shared\cs-UTF-16.o
src\lib\omniORB\orbcore\shared\cs-UTF-8.o
src\lib\omniORB\orbcore\shared\current.o
src\lib\omniORB\orbcore\shared\dynamicLib.o
src\lib\omniORB\orbcore\shared\exception.o
src\lib\omniORB\orbcore\shared\exceptn.o
src\lib\omniORB\orbcore\shared\giopBiDir.o
src\lib\omniORB\orbcore\shared\giopEndpoint.o
src\lib\omniORB\orbcore\shared\giopImpl10.o
src\lib\omniORB\orbcore\shared\giopImpl11.o
src\lib\omniORB\orbcore\shared\giopImpl12.o
src\lib\omniORB\orbcore\shared\giopMonitor.o
src\lib\omniORB\orbcore\shared\giopRendezvouser.o
src\lib\omniORB\orbcore\shared\giopRope.o
src\lib\omniORB\orbcore\shared\giopServer.o
src\lib\omniORB\orbcore\shared\giopStrand.o
src\lib\omniORB\orbcore\shared\giopStream.o
src\lib\omniORB\orbcore\shared\giopStreamImpl.o
src\lib\omniORB\orbcore\shared\giopWorker.o
src\lib\omniORB\orbcore\shared\GIOP_C.o
src\lib\omniORB\orbcore\shared\GIOP_S.o
src\lib\omniORB\orbcore\shared\initRefs.o
src\lib\omniORB\orbcore\shared\inProcessIdentity.o
src\lib\omniORB\orbcore\shared\interceptors.o
src\lib\omniORB\orbcore\shared\invoker.o
src\lib\omniORB\orbcore\shared\ior.o
src\lib\omniORB\orbcore\shared\libcWrapper.o
src\lib\omniORB\orbcore\shared\localIdentity.o
src\lib\omniORB\orbcore\shared\localObject.o
src\lib\omniORB\orbcore\shared\logIOstream.o
src\lib\omniORB\orbcore\shared\minorCode.o
src\lib\omniORB\orbcore\shared\msvcdllstub.o
src\lib\omniORB\orbcore\shared\Namingstub.o
src\lib\omniORB\orbcore\shared\objectAdapter.o
src\lib\omniORB\orbcore\shared\objectStub.o
src\lib\omniORB\orbcore\shared\omniIdentity.o
src\lib\omniORB\orbcore\shared\omniInternal.o
src\lib\omniORB\orbcore\shared\omniIOR.o
src\lib\omniORB\orbcore\shared\omniObjRef.o
src\lib\omniORB\orbcore\shared\omniORB.o
src\lib\omniORB\orbcore\shared\omniORB4.def
src\lib\omniORB\orbcore\shared\omniORB421_rt.exp
src\lib\omniORB\orbcore\shared\omniORB421_rt.lib
src\lib\omniORB\orbcore\shared\omniORB421_vc12_rt.dll
src\lib\omniORB\orbcore\shared\omniORB421_vc12_rt.dll.manifest
src\lib\omniORB\orbcore\shared\omniORB421_vc12_rt.ilk
src\lib\omniORB\orbcore\shared\omniORB421_vc12_rt.pdb
src\lib\omniORB\orbcore\shared\omniORB421_vc12_rt.rc
src\lib\omniORB\orbcore\shared\omniORB421_vc12_rt.res
src\lib\omniORB\orbcore\shared\omniPolicy.o
src\lib\omniORB\orbcore\shared\omniServant.o
src\lib\omniORB\orbcore\shared\omniTransport.o
src\lib\omniORB\orbcore\shared\orbOptions.o
src\lib\omniORB\orbcore\shared\orbOptionsFile.o
src\lib\omniORB\orbcore\shared\orbOptionsReg.o
src\lib\omniORB\orbcore\shared\poa.o
src\lib\omniORB\orbcore\shared\poamanager.o
src\lib\omniORB\orbcore\shared\poastubs.o
src\lib\omniORB\orbcore\shared\policy.o
src\lib\omniORB\orbcore\shared\portableserver.o
src\lib\omniORB\orbcore\shared\proxyFactory.o
src\lib\omniORB\orbcore\shared\remoteIdentity.o
src\lib\omniORB\orbcore\shared\rmutex.o
src\lib\omniORB\orbcore\shared\shutdownIdentity.o
src\lib\omniORB\orbcore\shared\SocketCollection.o
src\lib\omniORB\orbcore\shared\tcpActive.o
src\lib\omniORB\orbcore\shared\tcpAddress.o
src\lib\omniORB\orbcore\shared\tcpConnection.o
src\lib\omniORB\orbcore\shared\tcpEndpoint.o
src\lib\omniORB\orbcore\shared\tcpSocket.o
src\lib\omniORB\orbcore\shared\tcpTransportImpl.o
src\lib\omniORB\orbcore\shared\tracedthread.o
src\lib\omniORB\orbcore\shared\transportRules.o
src\lib\omniORB\orbcore\shared\uri.o
src\lib\omniORB\orbcore\shared\vc120.pdb
src\lib\omniORB\orbcore\shareddebug\anonObject.o
src\lib\omniORB\orbcore\shareddebug\bootstrapstub.o
src\lib\omniORB\orbcore\shareddebug\callDescriptor.o
src\lib\omniORB\orbcore\shareddebug\callHandle.o
src\lib\omniORB\orbcore\shareddebug\cdrMemoryStream.o
src\lib\omniORB\orbcore\shareddebug\cdrStream.o
src\lib\omniORB\orbcore\shareddebug\cdrStreamAdapter.o
src\lib\omniORB\orbcore\shareddebug\cdrValueChunkStream.o
src\lib\omniORB\orbcore\shareddebug\codeSets.o
src\lib\omniORB\orbcore\shareddebug\constants.o
src\lib\omniORB\orbcore\shareddebug\corbaBoa.o
src\lib\omniORB\orbcore\shareddebug\corbaFixed.o
src\lib\omniORB\orbcore\shareddebug\corbaObject.o
src\lib\omniORB\orbcore\shareddebug\corbaOrb.o
src\lib\omniORB\orbcore\shareddebug\corbaString.o
src\lib\omniORB\orbcore\shareddebug\corbaWString.o
src\lib\omniORB\orbcore\shareddebug\cs-16bit.o
src\lib\omniORB\orbcore\shareddebug\cs-8859-1.o
src\lib\omniORB\orbcore\shareddebug\cs-8bit.o
src\lib\omniORB\orbcore\shareddebug\cs-UTF-16.o
src\lib\omniORB\orbcore\shareddebug\cs-UTF-8.o
src\lib\omniORB\orbcore\shareddebug\current.o
src\lib\omniORB\orbcore\shareddebug\dynamicLib.o
src\lib\omniORB\orbcore\shareddebug\exception.o
src\lib\omniORB\orbcore\shareddebug\exceptn.o
src\lib\omniORB\orbcore\shareddebug\giopBiDir.o
src\lib\omniORB\orbcore\shareddebug\giopEndpoint.o
src\lib\omniORB\orbcore\shareddebug\giopImpl10.o
src\lib\omniORB\orbcore\shareddebug\giopImpl11.o
src\lib\omniORB\orbcore\shareddebug\giopImpl12.o
src\lib\omniORB\orbcore\shareddebug\giopMonitor.o
src\lib\omniORB\orbcore\shareddebug\giopRendezvouser.o
src\lib\omniORB\orbcore\shareddebug\giopRope.o
src\lib\omniORB\orbcore\shareddebug\giopServer.o
src\lib\omniORB\orbcore\shareddebug\giopStrand.o
src\lib\omniORB\orbcore\shareddebug\giopStream.o
src\lib\omniORB\orbcore\shareddebug\giopStreamImpl.o
src\lib\omniORB\orbcore\shareddebug\giopWorker.o
src\lib\omniORB\orbcore\shareddebug\GIOP_C.o
src\lib\omniORB\orbcore\shareddebug\GIOP_S.o
src\lib\omniORB\orbcore\shareddebug\initRefs.o
src\lib\omniORB\orbcore\shareddebug\inProcessIdentity.o
src\lib\omniORB\orbcore\shareddebug\interceptors.o
src\lib\omniORB\orbcore\shareddebug\invoker.o
src\lib\omniORB\orbcore\shareddebug\ior.o
src\lib\omniORB\orbcore\shareddebug\libcWrapper.o
src\lib\omniORB\orbcore\shareddebug\localIdentity.o
src\lib\omniORB\orbcore\shareddebug\localObject.o
src\lib\omniORB\orbcore\shareddebug\logIOstream.o
src\lib\omniORB\orbcore\shareddebug\minorCode.o
src\lib\omniORB\orbcore\shareddebug\msvcdllstub.o
src\lib\omniORB\orbcore\shareddebug\Namingstub.o
src\lib\omniORB\orbcore\shareddebug\objectAdapter.o
src\lib\omniORB\orbcore\shareddebug\objectStub.o
src\lib\omniORB\orbcore\shareddebug\omniIdentity.o
src\lib\omniORB\orbcore\shareddebug\omniInternal.o
src\lib\omniORB\orbcore\shareddebug\omniIOR.o
src\lib\omniORB\orbcore\shareddebug\omniObjRef.o
src\lib\omniORB\orbcore\shareddebug\omniORB.o
src\lib\omniORB\orbcore\shareddebug\omniORB421_rtd.exp
src\lib\omniORB\orbcore\shareddebug\omniORB421_rtd.lib
src\lib\omniORB\orbcore\shareddebug\omniORB421_vc12_rtd.dll
src\lib\omniORB\orbcore\shareddebug\omniORB421_vc12_rtd.dll.manifest
src\lib\omniORB\orbcore\shareddebug\omniORB421_vc12_rtd.ilk
src\lib\omniORB\orbcore\shareddebug\omniORB421_vc12_rtd.pdb
src\lib\omniORB\orbcore\shareddebug\omniORB421_vc12_rtd.rc
src\lib\omniORB\orbcore\shareddebug\omniORB421_vc12_rtd.res
src\lib\omniORB\orbcore\shareddebug\omniORB4d.def
src\lib\omniORB\orbcore\shareddebug\omniPolicy.o
src\lib\omniORB\orbcore\shareddebug\omniServant.o
src\lib\omniORB\orbcore\shareddebug\omniTransport.o
src\lib\omniORB\orbcore\shareddebug\orbOptions.o
src\lib\omniORB\orbcore\shareddebug\orbOptionsFile.o
src\lib\omniORB\orbcore\shareddebug\orbOptionsReg.o
src\lib\omniORB\orbcore\shareddebug\poa.o
src\lib\omniORB\orbcore\shareddebug\poamanager.o
src\lib\omniORB\orbcore\shareddebug\poastubs.o
src\lib\omniORB\orbcore\shareddebug\policy.o
src\lib\omniORB\orbcore\shareddebug\portableserver.o
src\lib\omniORB\orbcore\shareddebug\proxyFactory.o
src\lib\omniORB\orbcore\shareddebug\remoteIdentity.o
src\lib\omniORB\orbcore\shareddebug\rmutex.o
src\lib\omniORB\orbcore\shareddebug\shutdownIdentity.o
src\lib\omniORB\orbcore\shareddebug\SocketCollection.o
src\lib\omniORB\orbcore\shareddebug\tcpActive.o
src\lib\omniORB\orbcore\shareddebug\tcpAddress.o
src\lib\omniORB\orbcore\shareddebug\tcpConnection.o
src\lib\omniORB\orbcore\shareddebug\tcpEndpoint.o
src\lib\omniORB\orbcore\shareddebug\tcpSocket.o
src\lib\omniORB\orbcore\shareddebug\tcpTransportImpl.o
src\lib\omniORB\orbcore\shareddebug\tracedthread.o
src\lib\omniORB\orbcore\shareddebug\transportRules.o
src\lib\omniORB\orbcore\shareddebug\uri.o
src\lib\omniORB\orbcore\shareddebug\vc120.pdb
src\lib\omniORB\orbcore\static\anonObject.o
src\lib\omniORB\orbcore\static\bootstrapstub.o
src\lib\omniORB\orbcore\static\callDescriptor.o
src\lib\omniORB\orbcore\static\callHandle.o
src\lib\omniORB\orbcore\static\cdrMemoryStream.o
src\lib\omniORB\orbcore\static\cdrStream.o
src\lib\omniORB\orbcore\static\cdrStreamAdapter.o
src\lib\omniORB\orbcore\static\cdrValueChunkStream.o
src\lib\omniORB\orbcore\static\codeSets.o
src\lib\omniORB\orbcore\static\constants.o
src\lib\omniORB\orbcore\static\corbaBoa.o
src\lib\omniORB\orbcore\static\corbaFixed.o
src\lib\omniORB\orbcore\static\corbaObject.o
src\lib\omniORB\orbcore\static\corbaOrb.o
src\lib\omniORB\orbcore\static\corbaString.o
src\lib\omniORB\orbcore\static\corbaWString.o
src\lib\omniORB\orbcore\static\cs-16bit.o
src\lib\omniORB\orbcore\static\cs-8859-1.o
src\lib\omniORB\orbcore\static\cs-8bit.o
src\lib\omniORB\orbcore\static\cs-UTF-16.o
src\lib\omniORB\orbcore\static\cs-UTF-8.o
src\lib\omniORB\orbcore\static\current.o
src\lib\omniORB\orbcore\static\dynamicLib.o
src\lib\omniORB\orbcore\static\exception.o
src\lib\omniORB\orbcore\static\exceptn.o
src\lib\omniORB\orbcore\static\giopBiDir.o
src\lib\omniORB\orbcore\static\giopEndpoint.o
src\lib\omniORB\orbcore\static\giopImpl10.o
src\lib\omniORB\orbcore\static\giopImpl11.o
src\lib\omniORB\orbcore\static\giopImpl12.o
src\lib\omniORB\orbcore\static\giopMonitor.o
src\lib\omniORB\orbcore\static\giopRendezvouser.o
src\lib\omniORB\orbcore\static\giopRope.o
src\lib\omniORB\orbcore\static\giopServer.o
src\lib\omniORB\orbcore\static\giopStrand.o
src\lib\omniORB\orbcore\static\giopStream.o
src\lib\omniORB\orbcore\static\giopStreamImpl.o
src\lib\omniORB\orbcore\static\giopWorker.o
src\lib\omniORB\orbcore\static\GIOP_C.o
src\lib\omniORB\orbcore\static\GIOP_S.o
src\lib\omniORB\orbcore\static\initRefs.o
src\lib\omniORB\orbcore\static\inProcessIdentity.o
src\lib\omniORB\orbcore\static\interceptors.o
src\lib\omniORB\orbcore\static\invoker.o
src\lib\omniORB\orbcore\static\ior.o
src\lib\omniORB\orbcore\static\libcWrapper.o
src\lib\omniORB\orbcore\static\localIdentity.o
src\lib\omniORB\orbcore\static\localObject.o
src\lib\omniORB\orbcore\static\logIOstream.o
src\lib\omniORB\orbcore\static\minorCode.o
src\lib\omniORB\orbcore\static\msvcdllstub.o
src\lib\omniORB\orbcore\static\msvcstub.lib
src\lib\omniORB\orbcore\static\Namingstub.o
src\lib\omniORB\orbcore\static\objectAdapter.o
src\lib\omniORB\orbcore\static\objectStub.o
src\lib\omniORB\orbcore\static\omniIdentity.o
src\lib\omniORB\orbcore\static\omniInternal.o
src\lib\omniORB\orbcore\static\omniIOR.o
src\lib\omniORB\orbcore\static\omniObjRef.o
src\lib\omniORB\orbcore\static\omniORB.o
src\lib\omniORB\orbcore\static\omniORB4.lib
src\lib\omniORB\orbcore\static\omniORB4.pdb
src\lib\omniORB\orbcore\static\omniPolicy.o
src\lib\omniORB\orbcore\static\omniServant.o
src\lib\omniORB\orbcore\static\omniTransport.o
src\lib\omniORB\orbcore\static\orbOptions.o
src\lib\omniORB\orbcore\static\orbOptionsFile.o
src\lib\omniORB\orbcore\static\orbOptionsReg.o
src\lib\omniORB\orbcore\static\poa.o
src\lib\omniORB\orbcore\static\poamanager.o
src\lib\omniORB\orbcore\static\poastubs.o
src\lib\omniORB\orbcore\static\policy.o
src\lib\omniORB\orbcore\static\portableserver.o
src\lib\omniORB\orbcore\static\proxyFactory.o
src\lib\omniORB\orbcore\static\remoteIdentity.o
src\lib\omniORB\orbcore\static\rmutex.o
src\lib\omniORB\orbcore\static\shutdownIdentity.o
src\lib\omniORB\orbcore\static\SocketCollection.o
src\lib\omniORB\orbcore\static\tcpActive.o
src\lib\omniORB\orbcore\static\tcpAddress.o
src\lib\omniORB\orbcore\static\tcpConnection.o
src\lib\omniORB\orbcore\static\tcpEndpoint.o
src\lib\omniORB\orbcore\static\tcpSocket.o
src\lib\omniORB\orbcore\static\tcpTransportImpl.o
src\lib\omniORB\orbcore\static\tracedthread.o
src\lib\omniORB\orbcore\static\transportRules.o
src\lib\omniORB\orbcore\static\uri.o
src\lib\omniORB\python\omniidl_be\__init__.pyc
src\lib\omniORB\python\omniidl_be\cxx\ast.pyc
src\lib\omniORB\python\omniidl_be\cxx\call.pyc
src\lib\omniORB\python\omniidl_be\cxx\config.pyc
src\lib\omniORB\python\omniidl_be\cxx\cxx.pyc
src\lib\omniORB\python\omniidl_be\cxx\descriptor.pyc
src\lib\omniORB\python\omniidl_be\cxx\id.pyc
src\lib\omniORB\python\omniidl_be\cxx\iface.pyc
src\lib\omniORB\python\omniidl_be\cxx\mangler.pyc
src\lib\omniORB\python\omniidl_be\cxx\mapping.pyc
src\lib\omniORB\python\omniidl_be\cxx\output.pyc
src\lib\omniORB\python\omniidl_be\cxx\skutil.pyc
src\lib\omniORB\python\omniidl_be\cxx\support.pyc
src\lib\omniORB\python\omniidl_be\cxx\types.pyc
src\lib\omniORB\python\omniidl_be\cxx\util.pyc
src\lib\omniORB\python\omniidl_be\cxx\value.pyc
src\lib\omniORB\python\omniidl_be\cxx\__init__.pyc
src\lib\omniORB\python\omniidl_be\cxx\dynskel\main.pyc
src\lib\omniORB\python\omniidl_be\cxx\dynskel\template.pyc
src\lib\omniORB\python\omniidl_be\cxx\dynskel\typecode.pyc
src\lib\omniORB\python\omniidl_be\cxx\dynskel\__init__.pyc
src\lib\omniORB\python\omniidl_be\cxx\header\defs.pyc
src\lib\omniORB\python\omniidl_be\cxx\header\forward.pyc
src\lib\omniORB\python\omniidl_be\cxx\header\marshal.pyc
src\lib\omniORB\python\omniidl_be\cxx\header\obv.pyc
src\lib\omniORB\python\omniidl_be\cxx\header\opers.pyc
src\lib\omniORB\python\omniidl_be\cxx\header\poa.pyc
src\lib\omniORB\python\omniidl_be\cxx\header\template.pyc
src\lib\omniORB\python\omniidl_be\cxx\header\tie.pyc
src\lib\omniORB\python\omniidl_be\cxx\header\__init__.pyc
src\lib\omniORB\python\omniidl_be\cxx\impl\main.pyc
src\lib\omniORB\python\omniidl_be\cxx\impl\template.pyc
src\lib\omniORB\python\omniidl_be\cxx\impl\__init__.pyc
src\lib\omniORB\python\omniidl_be\cxx\skel\main.pyc
src\lib\omniORB\python\omniidl_be\cxx\skel\poa.pyc
src\lib\omniORB\python\omniidl_be\cxx\skel\template.pyc
src\lib\omniORB\python\omniidl_be\cxx\skel\__init__.pyc
src\lib\omnithread\nt.d
src\lib\omnithread\omnithread_rt.lib
src\lib\omnithread\omnithread_rtd.lib
src\lib\omnithread\threaddata.d
src\lib\omnithread\debug\nt.o
src\lib\omnithread\debug\omnithreadd.lib
src\lib\omnithread\debug\omnithreadd.pdb
src\lib\omnithread\debug\threaddata.o
src\lib\omnithread\shared\nt.o
src\lib\omnithread\shared\omnithread40_rt.exp
src\lib\omnithread\shared\omnithread40_rt.lib
src\lib\omnithread\shared\omnithread40_vc12_rt.dll
src\lib\omnithread\shared\omnithread40_vc12_rt.dll.manifest
src\lib\omnithread\shared\omnithread40_vc12_rt.ilk
src\lib\omnithread\shared\omnithread40_vc12_rt.pdb
src\lib\omnithread\shared\omnithread40_vc12_rt.rc
src\lib\omnithread\shared\omnithread40_vc12_rt.res
src\lib\omnithread\shared\threaddata.o
src\lib\omnithread\shared\vc120.pdb
src\lib\omnithread\shareddebug\nt.o
src\lib\omnithread\shareddebug\omnithread40_rtd.exp
src\lib\omnithread\shareddebug\omnithread40_rtd.lib
src\lib\omnithread\shareddebug\omnithread40_vc12_rtd.dll
src\lib\omnithread\shareddebug\omnithread40_vc12_rtd.dll.manifest
src\lib\omnithread\shareddebug\omnithread40_vc12_rtd.ilk
src\lib\omnithread\shareddebug\omnithread40_vc12_rtd.pdb
src\lib\omnithread\shareddebug\omnithread40_vc12_rtd.rc
src\lib\omnithread\shareddebug\omnithread40_vc12_rtd.res
src\lib\omnithread\shareddebug\threaddata.o
src\lib\omnithread\shareddebug\vc120.pdb
src\lib\omnithread\static\nt.o
src\lib\omnithread\static\omnithread.lib
src\lib\omnithread\static\omnithread.pdb
src\lib\omnithread\static\threaddata.o
src\services\mklib\CosEventChannelAdmin.hh
src\services\mklib\CosEventChannelAdminDynSK.cc
src\services\mklib\CosEventChannelAdminDynSK.d
src\services\mklib\CosEventChannelAdminSK.cc
src\services\mklib\CosEventChannelAdminSK.d
src\services\mklib\CosEventComm.hh
src\services\mklib\CosEventCommDynSK.cc
src\services\mklib\CosEventCommDynSK.d
src\services\mklib\CosEventCommSK.cc
src\services\mklib\CosEventCommSK.d
src\services\mklib\CosLifeCycle.hh
src\services\mklib\CosLifeCycleDynSK.cc
src\services\mklib\CosLifeCycleDynSK.d
src\services\mklib\CosLifeCycleSK.cc
src\services\mklib\CosLifeCycleSK.d
src\services\mklib\CosNotification.hh
src\services\mklib\CosNotificationDynSK.cc
src\services\mklib\CosNotificationDynSK.d
src\services\mklib\CosNotificationSK.cc
src\services\mklib\CosNotificationSK.d
src\services\mklib\CosNotifyChannelAdmin.hh
src\services\mklib\CosNotifyChannelAdminDynSK.cc
src\services\mklib\CosNotifyChannelAdminDynSK.d
src\services\mklib\CosNotifyChannelAdminSK.cc
src\services\mklib\CosNotifyChannelAdminSK.d
src\services\mklib\CosNotifyComm.hh
src\services\mklib\CosNotifyCommDynSK.cc
src\services\mklib\CosNotifyCommDynSK.d
src\services\mklib\CosNotifyCommSK.cc
src\services\mklib\CosNotifyCommSK.d
src\services\mklib\CosNotifyFilter.hh
src\services\mklib\CosNotifyFilterDynSK.cc
src\services\mklib\CosNotifyFilterDynSK.d
src\services\mklib\CosNotifyFilterSK.cc
src\services\mklib\CosNotifyFilterSK.d
src\services\mklib\CosTime.hh
src\services\mklib\CosTimeDynSK.cc
src\services\mklib\CosTimeDynSK.d
src\services\mklib\CosTimeSK.cc
src\services\mklib\CosTimeSK.d
src\services\mklib\TimeBase.hh
src\services\mklib\TimeBaseDynSK.cc
src\services\mklib\TimeBaseDynSK.d
src\services\mklib\TimeBaseSK.cc
src\services\mklib\TimeBaseSK.d
src\services\mklib\dynstublib\COSDynamic4_rt.lib
src\services\mklib\dynstublib\COSDynamic4_rtd.lib
src\services\mklib\dynstublib\CosEventChannelAdminDynSK.d
src\services\mklib\dynstublib\CosEventCommDynSK.d
src\services\mklib\dynstublib\CosLifeCycleDynSK.d
src\services\mklib\dynstublib\CosNotificationDynSK.d
src\services\mklib\dynstublib\CosNotifyChannelAdminDynSK.d
src\services\mklib\dynstublib\CosNotifyCommDynSK.d
src\services\mklib\dynstublib\CosNotifyFilterDynSK.d
src\services\mklib\dynstublib\CosTimeDynSK.d
src\services\mklib\dynstublib\TimeBaseDynSK.d
src\services\mklib\dynstublib\debug\COSDynamic4d.lib
src\services\mklib\dynstublib\debug\COSDynamicd.pdb
src\services\mklib\dynstublib\debug\CosEventChannelAdminDynSK.o
src\services\mklib\dynstublib\debug\CosEventCommDynSK.o
src\services\mklib\dynstublib\debug\CosLifeCycleDynSK.o
src\services\mklib\dynstublib\debug\CosNotificationDynSK.o
src\services\mklib\dynstublib\debug\CosNotifyChannelAdminDynSK.o
src\services\mklib\dynstublib\debug\CosNotifyCommDynSK.o
src\services\mklib\dynstublib\debug\CosNotifyFilterDynSK.o
src\services\mklib\dynstublib\debug\CosTimeDynSK.o
src\services\mklib\dynstublib\debug\TimeBaseDynSK.o
src\services\mklib\dynstublib\shared\COSDynamic4.def
src\services\mklib\dynstublib\shared\COSDynamic421_rt.exp
src\services\mklib\dynstublib\shared\COSDynamic421_rt.lib
src\services\mklib\dynstublib\shared\COSDynamic421_vc12_rt.dll
src\services\mklib\dynstublib\shared\COSDynamic421_vc12_rt.dll.manifest
src\services\mklib\dynstublib\shared\COSDynamic421_vc12_rt.ilk
src\services\mklib\dynstublib\shared\COSDynamic421_vc12_rt.pdb
src\services\mklib\dynstublib\shared\COSDynamic421_vc12_rt.rc
src\services\mklib\dynstublib\shared\COSDynamic421_vc12_rt.res
src\services\mklib\dynstublib\shared\CosEventChannelAdminDynSK.o
src\services\mklib\dynstublib\shared\CosEventCommDynSK.o
src\services\mklib\dynstublib\shared\CosLifeCycleDynSK.o
src\services\mklib\dynstublib\shared\CosNotificationDynSK.o
src\services\mklib\dynstublib\shared\CosNotifyChannelAdminDynSK.o
src\services\mklib\dynstublib\shared\CosNotifyCommDynSK.o
src\services\mklib\dynstublib\shared\CosNotifyFilterDynSK.o
src\services\mklib\dynstublib\shared\CosTimeDynSK.o
src\services\mklib\dynstublib\shared\TimeBaseDynSK.o
src\services\mklib\dynstublib\shared\vc120.pdb
src\services\mklib\dynstublib\shareddebug\COSDynamic421_rtd.exp
src\services\mklib\dynstublib\shareddebug\COSDynamic421_rtd.lib
src\services\mklib\dynstublib\shareddebug\COSDynamic421_vc12_rtd.dll
src\services\mklib\dynstublib\shareddebug\COSDynamic421_vc12_rtd.dll.manifest
src\services\mklib\dynstublib\shareddebug\COSDynamic421_vc12_rtd.ilk
src\services\mklib\dynstublib\shareddebug\COSDynamic421_vc12_rtd.pdb
src\services\mklib\dynstublib\shareddebug\COSDynamic421_vc12_rtd.rc
src\services\mklib\dynstublib\shareddebug\COSDynamic421_vc12_rtd.res
src\services\mklib\dynstublib\shareddebug\COSDynamic4d.def
src\services\mklib\dynstublib\shareddebug\CosEventChannelAdminDynSK.o
src\services\mklib\dynstublib\shareddebug\CosEventCommDynSK.o
src\services\mklib\dynstublib\shareddebug\CosLifeCycleDynSK.o
src\services\mklib\dynstublib\shareddebug\CosNotificationDynSK.o
src\services\mklib\dynstublib\shareddebug\CosNotifyChannelAdminDynSK.o
src\services\mklib\dynstublib\shareddebug\CosNotifyCommDynSK.o
src\services\mklib\dynstublib\shareddebug\CosNotifyFilterDynSK.o
src\services\mklib\dynstublib\shareddebug\CosTimeDynSK.o
src\services\mklib\dynstublib\shareddebug\TimeBaseDynSK.o
src\services\mklib\dynstublib\shareddebug\vc120.pdb
src\services\mklib\dynstublib\static\COSDynamic.pdb
src\services\mklib\dynstublib\static\COSDynamic4.lib
src\services\mklib\dynstublib\static\CosEventChannelAdminDynSK.o
src\services\mklib\dynstublib\static\CosEventCommDynSK.o
src\services\mklib\dynstublib\static\CosLifeCycleDynSK.o
src\services\mklib\dynstublib\static\CosNotificationDynSK.o
src\services\mklib\dynstublib\static\CosNotifyChannelAdminDynSK.o
src\services\mklib\dynstublib\static\CosNotifyCommDynSK.o
src\services\mklib\dynstublib\static\CosNotifyFilterDynSK.o
src\services\mklib\dynstublib\static\CosTimeDynSK.o
src\services\mklib\dynstublib\static\TimeBaseDynSK.o
src\services\mklib\stublib\COS4_rt.lib
src\services\mklib\stublib\COS4_rtd.lib
src\services\mklib\stublib\CosEventChannelAdminSK.d
src\services\mklib\stublib\CosEventCommSK.d
src\services\mklib\stublib\CosLifeCycleSK.d
src\services\mklib\stublib\CosNotificationSK.d
src\services\mklib\stublib\CosNotifyChannelAdminSK.d
src\services\mklib\stublib\CosNotifyCommSK.d
src\services\mklib\stublib\CosNotifyFilterSK.d
src\services\mklib\stublib\CosTimeSK.d
src\services\mklib\stublib\TimeBaseSK.d
src\services\mklib\stublib\debug\COS4d.lib
src\services\mklib\stublib\debug\COSd.pdb
src\services\mklib\stublib\debug\CosEventChannelAdminSK.o
src\services\mklib\stublib\debug\CosEventCommSK.o
src\services\mklib\stublib\debug\CosLifeCycleSK.o
src\services\mklib\stublib\debug\CosNotificationSK.o
src\services\mklib\stublib\debug\CosNotifyChannelAdminSK.o
src\services\mklib\stublib\debug\CosNotifyCommSK.o
src\services\mklib\stublib\debug\CosNotifyFilterSK.o
src\services\mklib\stublib\debug\CosTimeSK.o
src\services\mklib\stublib\debug\TimeBaseSK.o
src\services\mklib\stublib\shared\COS4.def
src\services\mklib\stublib\shared\COS421_rt.exp
src\services\mklib\stublib\shared\COS421_rt.lib
src\services\mklib\stublib\shared\COS421_vc12_rt.dll
src\services\mklib\stublib\shared\COS421_vc12_rt.dll.manifest
src\services\mklib\stublib\shared\COS421_vc12_rt.ilk
src\services\mklib\stublib\shared\COS421_vc12_rt.pdb
src\services\mklib\stublib\shared\COS421_vc12_rt.rc
src\services\mklib\stublib\shared\COS421_vc12_rt.res
src\services\mklib\stublib\shared\CosEventChannelAdminSK.o
src\services\mklib\stublib\shared\CosEventCommSK.o
src\services\mklib\stublib\shared\CosLifeCycleSK.o
src\services\mklib\stublib\shared\CosNotificationSK.o
src\services\mklib\stublib\shared\CosNotifyChannelAdminSK.o
src\services\mklib\stublib\shared\CosNotifyCommSK.o
src\services\mklib\stublib\shared\CosNotifyFilterSK.o
src\services\mklib\stublib\shared\CosTimeSK.o
src\services\mklib\stublib\shared\TimeBaseSK.o
src\services\mklib\stublib\shared\vc120.pdb
src\services\mklib\stublib\shareddebug\COS421_rtd.exp
src\services\mklib\stublib\shareddebug\COS421_rtd.lib
src\services\mklib\stublib\shareddebug\COS421_vc12_rtd.dll
src\services\mklib\stublib\shareddebug\COS421_vc12_rtd.dll.manifest
src\services\mklib\stublib\shareddebug\COS421_vc12_rtd.ilk
src\services\mklib\stublib\shareddebug\COS421_vc12_rtd.pdb
src\services\mklib\stublib\shareddebug\COS421_vc12_rtd.rc
src\services\mklib\stublib\shareddebug\COS421_vc12_rtd.res
src\services\mklib\stublib\shareddebug\COS4d.def
src\services\mklib\stublib\shareddebug\CosEventChannelAdminSK.o
src\services\mklib\stublib\shareddebug\CosEventCommSK.o
src\services\mklib\stublib\shareddebug\CosLifeCycleSK.o
src\services\mklib\stublib\shareddebug\CosNotificationSK.o
src\services\mklib\stublib\shareddebug\CosNotifyChannelAdminSK.o
src\services\mklib\stublib\shareddebug\CosNotifyCommSK.o
src\services\mklib\stublib\shareddebug\CosNotifyFilterSK.o
src\services\mklib\stublib\shareddebug\CosTimeSK.o
src\services\mklib\stublib\shareddebug\TimeBaseSK.o
src\services\mklib\stublib\shareddebug\vc120.pdb
src\services\mklib\stublib\static\COS.pdb
src\services\mklib\stublib\static\COS4.lib
src\services\mklib\stublib\static\CosEventChannelAdminSK.o
src\services\mklib\stublib\static\CosEventCommSK.o
src\services\mklib\stublib\static\CosLifeCycleSK.o
src\services\mklib\stublib\static\CosNotificationSK.o
src\services\mklib\stublib\static\CosNotifyChannelAdminSK.o
src\services\mklib\stublib\static\CosNotifyCommSK.o
src\services\mklib\stublib\static\CosNotifyFilterSK.o
src\services\mklib\stublib\static\CosTimeSK.o
src\services\mklib\stublib\static\TimeBaseSK.o
src\tool\omniidl\cxx\idlast.d
src\tool\omniidl\cxx\idlast.o
src\tool\omniidl\cxx\idlc.d
src\tool\omniidl\cxx\idlconfig.d
src\tool\omniidl\cxx\idlconfig.o
src\tool\omniidl\cxx\idldump.d
src\tool\omniidl\cxx\idldump.o
src\tool\omniidl\cxx\idlerr.d
src\tool\omniidl\cxx\idlerr.o
src\tool\omniidl\cxx\idlexpr.d
src\tool\omniidl\cxx\idlexpr.o
src\tool\omniidl\cxx\idlfixed.d
src\tool\omniidl\cxx\idlfixed.o
src\tool\omniidl\cxx\idlpython.d
src\tool\omniidl\cxx\idlpython.o
src\tool\omniidl\cxx\idlrepoId.d
src\tool\omniidl\cxx\idlrepoId.o
src\tool\omniidl\cxx\idlscope.d
src\tool\omniidl\cxx\idlscope.o
src\tool\omniidl\cxx\idltype.d
src\tool\omniidl\cxx\idltype.o
src\tool\omniidl\cxx\idlutil.d
src\tool\omniidl\cxx\idlutil.o
src\tool\omniidl\cxx\idlvalidate.d
src\tool\omniidl\cxx\idlvalidate.o
src\tool\omniidl\cxx\lex.yy.d
src\tool\omniidl\cxx\lex.yy.o
src\tool\omniidl\cxx\omniidl.exe
src\tool\omniidl\cxx\omniidl.exe.manifest
src\tool\omniidl\cxx\omniidl.exe.pdb
src\tool\omniidl\cxx\omniidl.exp
src\tool\omniidl\cxx\omniidl.ilk
src\tool\omniidl\cxx\omniidl.lib
src\tool\omniidl\cxx\vc120.pdb
src\tool\omniidl\cxx\y.tab.d
src\tool\omniidl\cxx\y.tab.o
src\tool\omniidl\cxx\cccp\alloca.o
src\tool\omniidl\cxx\cccp\cccp.o
src\tool\omniidl\cxx\cccp\cexp.o
src\tool\omniidl\cxx\cccp\config.o
src\tool\omniidl\cxx\cccp\index.o
src\tool\omniidl\cxx\cccp\omnicpp.exe
src\tool\omniidl\cxx\cccp\omnicpp.exe.manifest
src\tool\omniidl\cxx\cccp\omnicpp.exe.pdb
src\tool\omniidl\cxx\cccp\omnicpp.ilk
src\tool\omniidl\cxx\cccp\vc120.pdb
