%QWT_BUILD_DIR%\Makefile
%QWT_BUILD_DIR%\designer\Makefile
%QWT_BUILD_DIR%\designer\moc_qwt_abstract_legend.o
%QWT_BUILD_DIR%\designer\moc_qwt_abstract_scale.o
%QWT_BUILD_DIR%\designer\moc_qwt_abstract_slider.o
%QWT_BUILD_DIR%\designer\moc_qwt_analog_clock.o
%QWT_BUILD_DIR%\designer\moc_qwt_compass.o
%QWT_BUILD_DIR%\designer\moc_qwt_counter.o
%QWT_BUILD_DIR%\designer\moc_qwt_designer_plotdialog.o
%QWT_BUILD_DIR%\designer\moc_qwt_designer_plugin.o
%QWT_BUILD_DIR%\designer\moc_qwt_dial.o
%QWT_BUILD_DIR%\designer\moc_qwt_dyngrid_layout.o
%QWT_BUILD_DIR%\designer\moc_qwt_knob.o
%QWT_BUILD_DIR%\designer\moc_qwt_legend.o
%QWT_BUILD_DIR%\designer\moc_qwt_legend_label.o
%QWT_BUILD_DIR%\designer\moc_qwt_magnifier.o
%QWT_BUILD_DIR%\designer\moc_qwt_panner.o
%QWT_BUILD_DIR%\designer\moc_qwt_picker.o
%QWT_BUILD_DIR%\designer\moc_qwt_plot.o
%QWT_BUILD_DIR%\designer\moc_qwt_plot_canvas.o
%QWT_BUILD_DIR%\designer\moc_qwt_plot_glcanvas.o
%QWT_BUILD_DIR%\designer\moc_qwt_plot_magnifier.o
%QWT_BUILD_DIR%\designer\moc_qwt_plot_panner.o
%QWT_BUILD_DIR%\designer\moc_qwt_plot_picker.o
%QWT_BUILD_DIR%\designer\moc_qwt_plot_renderer.o
%QWT_BUILD_DIR%\designer\moc_qwt_plot_zoomer.o
%QWT_BUILD_DIR%\designer\moc_qwt_sampling_thread.o
%QWT_BUILD_DIR%\designer\moc_qwt_scale_widget.o
%QWT_BUILD_DIR%\designer\moc_qwt_slider.o
%QWT_BUILD_DIR%\designer\moc_qwt_text_label.o
%QWT_BUILD_DIR%\designer\moc_qwt_thermo.o
%QWT_BUILD_DIR%\designer\moc_qwt_wheel.o
%QWT_BUILD_DIR%\designer\qrc_qwt_designer_plugin.o
%QWT_BUILD_DIR%\designer\qwt_abstract_legend.o
%QWT_BUILD_DIR%\designer\qwt_abstract_scale.o
%QWT_BUILD_DIR%\designer\qwt_abstract_scale_draw.o
%QWT_BUILD_DIR%\designer\qwt_abstract_slider.o
%QWT_BUILD_DIR%\designer\qwt_analog_clock.o
%QWT_BUILD_DIR%\designer\qwt_arrow_button.o
%QWT_BUILD_DIR%\designer\qwt_clipper.o
%QWT_BUILD_DIR%\designer\qwt_color_map.o
%QWT_BUILD_DIR%\designer\qwt_column_symbol.o
%QWT_BUILD_DIR%\designer\qwt_compass.o
%QWT_BUILD_DIR%\designer\qwt_compass_rose.o
%QWT_BUILD_DIR%\designer\qwt_counter.o
%QWT_BUILD_DIR%\designer\qwt_curve_fitter.o
%QWT_BUILD_DIR%\designer\qwt_date.o
%QWT_BUILD_DIR%\designer\qwt_date_scale_draw.o
%QWT_BUILD_DIR%\designer\qwt_date_scale_engine.o
%QWT_BUILD_DIR%\designer\qwt_designer_plotdialog.o
%QWT_BUILD_DIR%\designer\qwt_designer_plugin.o
%QWT_BUILD_DIR%\designer\qwt_dial.o
%QWT_BUILD_DIR%\designer\qwt_dial_needle.o
%QWT_BUILD_DIR%\designer\qwt_dyngrid_layout.o
%QWT_BUILD_DIR%\designer\qwt_event_pattern.o
%QWT_BUILD_DIR%\designer\qwt_graphic.o
%QWT_BUILD_DIR%\designer\qwt_interval.o
%QWT_BUILD_DIR%\designer\qwt_interval_symbol.o
%QWT_BUILD_DIR%\designer\qwt_knob.o
%QWT_BUILD_DIR%\designer\qwt_legend.o
%QWT_BUILD_DIR%\designer\qwt_legend_data.o
%QWT_BUILD_DIR%\designer\qwt_legend_label.o
%QWT_BUILD_DIR%\designer\qwt_magnifier.o
%QWT_BUILD_DIR%\designer\qwt_math.o
%QWT_BUILD_DIR%\designer\qwt_matrix_raster_data.o
%QWT_BUILD_DIR%\designer\qwt_null_paintdevice.o
%QWT_BUILD_DIR%\designer\qwt_painter.o
%QWT_BUILD_DIR%\designer\qwt_painter_command.o
%QWT_BUILD_DIR%\designer\qwt_panner.o
%QWT_BUILD_DIR%\designer\qwt_picker.o
%QWT_BUILD_DIR%\designer\qwt_picker_machine.o
%QWT_BUILD_DIR%\designer\qwt_pixel_matrix.o
%QWT_BUILD_DIR%\designer\qwt_plot.o
%QWT_BUILD_DIR%\designer\qwt_plot_abstract_barchart.o
%QWT_BUILD_DIR%\designer\qwt_plot_axis.o
%QWT_BUILD_DIR%\designer\qwt_plot_barchart.o
%QWT_BUILD_DIR%\designer\qwt_plot_canvas.o
%QWT_BUILD_DIR%\designer\qwt_plot_curve.o
%QWT_BUILD_DIR%\designer\qwt_plot_dict.o
%QWT_BUILD_DIR%\designer\qwt_plot_directpainter.o
%QWT_BUILD_DIR%\designer\qwt_plot_glcanvas.o
%QWT_BUILD_DIR%\designer\qwt_plot_grid.o
%QWT_BUILD_DIR%\designer\qwt_plot_histogram.o
%QWT_BUILD_DIR%\designer\qwt_plot_intervalcurve.o
%QWT_BUILD_DIR%\designer\qwt_plot_item.o
%QWT_BUILD_DIR%\designer\qwt_plot_layout.o
%QWT_BUILD_DIR%\designer\qwt_plot_legenditem.o
%QWT_BUILD_DIR%\designer\qwt_plot_magnifier.o
%QWT_BUILD_DIR%\designer\qwt_plot_marker.o
%QWT_BUILD_DIR%\designer\qwt_plot_multi_barchart.o
%QWT_BUILD_DIR%\designer\qwt_plot_panner.o
%QWT_BUILD_DIR%\designer\qwt_plot_picker.o
%QWT_BUILD_DIR%\designer\qwt_plot_rasteritem.o
%QWT_BUILD_DIR%\designer\qwt_plot_renderer.o
%QWT_BUILD_DIR%\designer\qwt_plot_rescaler.o
%QWT_BUILD_DIR%\designer\qwt_plot_scaleitem.o
%QWT_BUILD_DIR%\designer\qwt_plot_seriesitem.o
%QWT_BUILD_DIR%\designer\qwt_plot_shapeitem.o
%QWT_BUILD_DIR%\designer\qwt_plot_spectrocurve.o
%QWT_BUILD_DIR%\designer\qwt_plot_spectrogram.o
%QWT_BUILD_DIR%\designer\qwt_plot_svgitem.o
%QWT_BUILD_DIR%\designer\qwt_plot_textlabel.o
%QWT_BUILD_DIR%\designer\qwt_plot_tradingcurve.o
%QWT_BUILD_DIR%\designer\qwt_plot_xml.o
%QWT_BUILD_DIR%\designer\qwt_plot_zoneitem.o
%QWT_BUILD_DIR%\designer\qwt_plot_zoomer.o
%QWT_BUILD_DIR%\designer\qwt_point_3d.o
%QWT_BUILD_DIR%\designer\qwt_point_data.o
%QWT_BUILD_DIR%\designer\qwt_point_mapper.o
%QWT_BUILD_DIR%\designer\qwt_point_polar.o
%QWT_BUILD_DIR%\designer\qwt_raster_data.o
%QWT_BUILD_DIR%\designer\qwt_round_scale_draw.o
%QWT_BUILD_DIR%\designer\qwt_sampling_thread.o
%QWT_BUILD_DIR%\designer\qwt_scale_div.o
%QWT_BUILD_DIR%\designer\qwt_scale_draw.o
%QWT_BUILD_DIR%\designer\qwt_scale_engine.o
%QWT_BUILD_DIR%\designer\qwt_scale_map.o
%QWT_BUILD_DIR%\designer\qwt_scale_widget.o
%QWT_BUILD_DIR%\designer\qwt_series_data.o
%QWT_BUILD_DIR%\designer\qwt_slider.o
%QWT_BUILD_DIR%\designer\qwt_spline.o
%QWT_BUILD_DIR%\designer\qwt_symbol.o
%QWT_BUILD_DIR%\designer\qwt_system_clock.o
%QWT_BUILD_DIR%\designer\qwt_text.o
%QWT_BUILD_DIR%\designer\qwt_text_engine.o
%QWT_BUILD_DIR%\designer\qwt_text_label.o
%QWT_BUILD_DIR%\designer\qwt_thermo.o
%QWT_BUILD_DIR%\designer\qwt_transform.o
%QWT_BUILD_DIR%\designer\qwt_wheel.o
%QWT_BUILD_DIR%\designer\qwt_widget_overlay.o
%QWT_BUILD_DIR%\designer\moc\moc_qwt_abstract_legend.cpp
%QWT_BUILD_DIR%\designer\moc\moc_qwt_abstract_scale.cpp
%QWT_BUILD_DIR%\designer\moc\moc_qwt_abstract_slider.cpp
%QWT_BUILD_DIR%\designer\moc\moc_qwt_analog_clock.cpp
%QWT_BUILD_DIR%\designer\moc\moc_qwt_compass.cpp
%QWT_BUILD_DIR%\designer\moc\moc_qwt_counter.cpp
%QWT_BUILD_DIR%\designer\moc\moc_qwt_designer_plotdialog.cpp
%QWT_BUILD_DIR%\designer\moc\moc_qwt_designer_plugin.cpp
%QWT_BUILD_DIR%\designer\moc\moc_qwt_dial.cpp
%QWT_BUILD_DIR%\designer\moc\moc_qwt_dyngrid_layout.cpp
%QWT_BUILD_DIR%\designer\moc\moc_qwt_knob.cpp
%QWT_BUILD_DIR%\designer\moc\moc_qwt_legend.cpp
%QWT_BUILD_DIR%\designer\moc\moc_qwt_legend_label.cpp
%QWT_BUILD_DIR%\designer\moc\moc_qwt_magnifier.cpp
%QWT_BUILD_DIR%\designer\moc\moc_qwt_panner.cpp
%QWT_BUILD_DIR%\designer\moc\moc_qwt_picker.cpp
%QWT_BUILD_DIR%\designer\moc\moc_qwt_plot.cpp
%QWT_BUILD_DIR%\designer\moc\moc_qwt_plot_canvas.cpp
%QWT_BUILD_DIR%\designer\moc\moc_qwt_plot_glcanvas.cpp
%QWT_BUILD_DIR%\designer\moc\moc_qwt_plot_magnifier.cpp
%QWT_BUILD_DIR%\designer\moc\moc_qwt_plot_panner.cpp
%QWT_BUILD_DIR%\designer\moc\moc_qwt_plot_picker.cpp
%QWT_BUILD_DIR%\designer\moc\moc_qwt_plot_renderer.cpp
%QWT_BUILD_DIR%\designer\moc\moc_qwt_plot_zoomer.cpp
%QWT_BUILD_DIR%\designer\moc\moc_qwt_sampling_thread.cpp
%QWT_BUILD_DIR%\designer\moc\moc_qwt_scale_widget.cpp
%QWT_BUILD_DIR%\designer\moc\moc_qwt_slider.cpp
%QWT_BUILD_DIR%\designer\moc\moc_qwt_text_label.cpp
%QWT_BUILD_DIR%\designer\moc\moc_qwt_thermo.cpp
%QWT_BUILD_DIR%\designer\moc\moc_qwt_wheel.cpp
%QWT_BUILD_DIR%\designer\plugins\designer\libqwt_designer_plugin.dll
%QWT_BUILD_DIR%\designer\plugins\designer\libqwt_designer_plugin.a
%QWT_BUILD_DIR%\designer\resources\qrc_qwt_designer_plugin.cpp
%QWT_BUILD_DIR%\doc\Makefile
%QWT_BUILD_DIR%\lib\qwt.dll
%QWT_BUILD_DIR%\lib\libqwt.a
%QWT_BUILD_DIR%\lib\qwtd.dll
%QWT_BUILD_DIR%\lib\libqwtd.a
%QWT_BUILD_DIR%\src\Makefile
%QWT_BUILD_DIR%\src\Makefile.Debug
%QWT_BUILD_DIR%\src\Makefile.Release
%QWT_BUILD_DIR%\src\debug\moc_qwt_abstract_legend.o
%QWT_BUILD_DIR%\src\debug\moc_qwt_abstract_scale.o
%QWT_BUILD_DIR%\src\debug\moc_qwt_abstract_slider.o
%QWT_BUILD_DIR%\src\debug\moc_qwt_analog_clock.o
%QWT_BUILD_DIR%\src\debug\moc_qwt_compass.o
%QWT_BUILD_DIR%\src\debug\moc_qwt_counter.o
%QWT_BUILD_DIR%\src\debug\moc_qwt_dial.o
%QWT_BUILD_DIR%\src\debug\moc_qwt_dyngrid_layout.o
%QWT_BUILD_DIR%\src\debug\moc_qwt_knob.o
%QWT_BUILD_DIR%\src\debug\moc_qwt_legend.o
%QWT_BUILD_DIR%\src\debug\moc_qwt_legend_label.o
%QWT_BUILD_DIR%\src\debug\moc_qwt_magnifier.o
%QWT_BUILD_DIR%\src\debug\moc_qwt_panner.o
%QWT_BUILD_DIR%\src\debug\moc_qwt_picker.o
%QWT_BUILD_DIR%\src\debug\moc_qwt_plot.o
%QWT_BUILD_DIR%\src\debug\moc_qwt_plot_canvas.o
%QWT_BUILD_DIR%\src\debug\moc_qwt_plot_glcanvas.o
%QWT_BUILD_DIR%\src\debug\moc_qwt_plot_magnifier.o
%QWT_BUILD_DIR%\src\debug\moc_qwt_plot_panner.o
%QWT_BUILD_DIR%\src\debug\moc_qwt_plot_picker.o
%QWT_BUILD_DIR%\src\debug\moc_qwt_plot_renderer.o
%QWT_BUILD_DIR%\src\debug\moc_qwt_plot_zoomer.o
%QWT_BUILD_DIR%\src\debug\moc_qwt_sampling_thread.o
%QWT_BUILD_DIR%\src\debug\moc_qwt_scale_widget.o
%QWT_BUILD_DIR%\src\debug\moc_qwt_slider.o
%QWT_BUILD_DIR%\src\debug\moc_qwt_text_label.o
%QWT_BUILD_DIR%\src\debug\moc_qwt_thermo.o
%QWT_BUILD_DIR%\src\debug\moc_qwt_wheel.o
%QWT_BUILD_DIR%\src\debug\qwt_abstract_legend.o
%QWT_BUILD_DIR%\src\debug\qwt_abstract_scale.o
%QWT_BUILD_DIR%\src\debug\qwt_abstract_scale_draw.o
%QWT_BUILD_DIR%\src\debug\qwt_abstract_slider.o
%QWT_BUILD_DIR%\src\debug\qwt_analog_clock.o
%QWT_BUILD_DIR%\src\debug\qwt_arrow_button.o
%QWT_BUILD_DIR%\src\debug\qwt_clipper.o
%QWT_BUILD_DIR%\src\debug\qwt_color_map.o
%QWT_BUILD_DIR%\src\debug\qwt_column_symbol.o
%QWT_BUILD_DIR%\src\debug\qwt_compass.o
%QWT_BUILD_DIR%\src\debug\qwt_compass_rose.o
%QWT_BUILD_DIR%\src\debug\qwt_counter.o
%QWT_BUILD_DIR%\src\debug\qwt_curve_fitter.o
%QWT_BUILD_DIR%\src\debug\qwt_date.o
%QWT_BUILD_DIR%\src\debug\qwt_date_scale_draw.o
%QWT_BUILD_DIR%\src\debug\qwt_date_scale_engine.o
%QWT_BUILD_DIR%\src\debug\qwt_dial.o
%QWT_BUILD_DIR%\src\debug\qwt_dial_needle.o
%QWT_BUILD_DIR%\src\debug\qwt_dyngrid_layout.o
%QWT_BUILD_DIR%\src\debug\qwt_event_pattern.o
%QWT_BUILD_DIR%\src\debug\qwt_graphic.o
%QWT_BUILD_DIR%\src\debug\qwt_interval.o
%QWT_BUILD_DIR%\src\debug\qwt_interval_symbol.o
%QWT_BUILD_DIR%\src\debug\qwt_knob.o
%QWT_BUILD_DIR%\src\debug\qwt_legend.o
%QWT_BUILD_DIR%\src\debug\qwt_legend_data.o
%QWT_BUILD_DIR%\src\debug\qwt_legend_label.o
%QWT_BUILD_DIR%\src\debug\qwt_magnifier.o
%QWT_BUILD_DIR%\src\debug\qwt_math.o
%QWT_BUILD_DIR%\src\debug\qwt_matrix_raster_data.o
%QWT_BUILD_DIR%\src\debug\qwt_null_paintdevice.o
%QWT_BUILD_DIR%\src\debug\qwt_painter.o
%QWT_BUILD_DIR%\src\debug\qwt_painter_command.o
%QWT_BUILD_DIR%\src\debug\qwt_panner.o
%QWT_BUILD_DIR%\src\debug\qwt_picker.o
%QWT_BUILD_DIR%\src\debug\qwt_picker_machine.o
%QWT_BUILD_DIR%\src\debug\qwt_pixel_matrix.o
%QWT_BUILD_DIR%\src\debug\qwt_plot.o
%QWT_BUILD_DIR%\src\debug\qwt_plot_abstract_barchart.o
%QWT_BUILD_DIR%\src\debug\qwt_plot_axis.o
%QWT_BUILD_DIR%\src\debug\qwt_plot_barchart.o
%QWT_BUILD_DIR%\src\debug\qwt_plot_canvas.o
%QWT_BUILD_DIR%\src\debug\qwt_plot_curve.o
%QWT_BUILD_DIR%\src\debug\qwt_plot_dict.o
%QWT_BUILD_DIR%\src\debug\qwt_plot_directpainter.o
%QWT_BUILD_DIR%\src\debug\qwt_plot_glcanvas.o
%QWT_BUILD_DIR%\src\debug\qwt_plot_grid.o
%QWT_BUILD_DIR%\src\debug\qwt_plot_histogram.o
%QWT_BUILD_DIR%\src\debug\qwt_plot_intervalcurve.o
%QWT_BUILD_DIR%\src\debug\qwt_plot_item.o
%QWT_BUILD_DIR%\src\debug\qwt_plot_layout.o
%QWT_BUILD_DIR%\src\debug\qwt_plot_legenditem.o
%QWT_BUILD_DIR%\src\debug\qwt_plot_magnifier.o
%QWT_BUILD_DIR%\src\debug\qwt_plot_marker.o
%QWT_BUILD_DIR%\src\debug\qwt_plot_multi_barchart.o
%QWT_BUILD_DIR%\src\debug\qwt_plot_panner.o
%QWT_BUILD_DIR%\src\debug\qwt_plot_picker.o
%QWT_BUILD_DIR%\src\debug\qwt_plot_rasteritem.o
%QWT_BUILD_DIR%\src\debug\qwt_plot_renderer.o
%QWT_BUILD_DIR%\src\debug\qwt_plot_rescaler.o
%QWT_BUILD_DIR%\src\debug\qwt_plot_scaleitem.o
%QWT_BUILD_DIR%\src\debug\qwt_plot_seriesitem.o
%QWT_BUILD_DIR%\src\debug\qwt_plot_shapeitem.o
%QWT_BUILD_DIR%\src\debug\qwt_plot_spectrocurve.o
%QWT_BUILD_DIR%\src\debug\qwt_plot_spectrogram.o
%QWT_BUILD_DIR%\src\debug\qwt_plot_svgitem.o
%QWT_BUILD_DIR%\src\debug\qwt_plot_textlabel.o
%QWT_BUILD_DIR%\src\debug\qwt_plot_tradingcurve.o
%QWT_BUILD_DIR%\src\debug\qwt_plot_xml.o
%QWT_BUILD_DIR%\src\debug\qwt_plot_zoneitem.o
%QWT_BUILD_DIR%\src\debug\qwt_plot_zoomer.o
%QWT_BUILD_DIR%\src\debug\qwt_point_3d.o
%QWT_BUILD_DIR%\src\debug\qwt_point_data.o
%QWT_BUILD_DIR%\src\debug\qwt_point_mapper.o
%QWT_BUILD_DIR%\src\debug\qwt_point_polar.o
%QWT_BUILD_DIR%\src\debug\qwt_raster_data.o
%QWT_BUILD_DIR%\src\debug\qwt_round_scale_draw.o
%QWT_BUILD_DIR%\src\debug\qwt_sampling_thread.o
%QWT_BUILD_DIR%\src\debug\qwt_scale_div.o
%QWT_BUILD_DIR%\src\debug\qwt_scale_draw.o
%QWT_BUILD_DIR%\src\debug\qwt_scale_engine.o
%QWT_BUILD_DIR%\src\debug\qwt_scale_map.o
%QWT_BUILD_DIR%\src\debug\qwt_scale_widget.o
%QWT_BUILD_DIR%\src\debug\qwt_series_data.o
%QWT_BUILD_DIR%\src\debug\qwt_slider.o
%QWT_BUILD_DIR%\src\debug\qwt_spline.o
%QWT_BUILD_DIR%\src\debug\qwt_symbol.o
%QWT_BUILD_DIR%\src\debug\qwt_system_clock.o
%QWT_BUILD_DIR%\src\debug\qwt_text.o
%QWT_BUILD_DIR%\src\debug\qwt_text_engine.o
%QWT_BUILD_DIR%\src\debug\qwt_text_label.o
%QWT_BUILD_DIR%\src\debug\qwt_thermo.o
%QWT_BUILD_DIR%\src\debug\qwt_transform.o
%QWT_BUILD_DIR%\src\debug\qwt_wheel.o
%QWT_BUILD_DIR%\src\debug\qwt_widget_overlay.o
%QWT_BUILD_DIR%\src\moc\moc_qwt_abstract_legend.cpp
%QWT_BUILD_DIR%\src\moc\moc_qwt_abstract_scale.cpp
%QWT_BUILD_DIR%\src\moc\moc_qwt_abstract_slider.cpp
%QWT_BUILD_DIR%\src\moc\moc_qwt_analog_clock.cpp
%QWT_BUILD_DIR%\src\moc\moc_qwt_compass.cpp
%QWT_BUILD_DIR%\src\moc\moc_qwt_counter.cpp
%QWT_BUILD_DIR%\src\moc\moc_qwt_dial.cpp
%QWT_BUILD_DIR%\src\moc\moc_qwt_dyngrid_layout.cpp
%QWT_BUILD_DIR%\src\moc\moc_qwt_knob.cpp
%QWT_BUILD_DIR%\src\moc\moc_qwt_legend.cpp
%QWT_BUILD_DIR%\src\moc\moc_qwt_legend_label.cpp
%QWT_BUILD_DIR%\src\moc\moc_qwt_magnifier.cpp
%QWT_BUILD_DIR%\src\moc\moc_qwt_panner.cpp
%QWT_BUILD_DIR%\src\moc\moc_qwt_picker.cpp
%QWT_BUILD_DIR%\src\moc\moc_qwt_plot.cpp
%QWT_BUILD_DIR%\src\moc\moc_qwt_plot_canvas.cpp
%QWT_BUILD_DIR%\src\moc\moc_qwt_plot_glcanvas.cpp
%QWT_BUILD_DIR%\src\moc\moc_qwt_plot_magnifier.cpp
%QWT_BUILD_DIR%\src\moc\moc_qwt_plot_panner.cpp
%QWT_BUILD_DIR%\src\moc\moc_qwt_plot_picker.cpp
%QWT_BUILD_DIR%\src\moc\moc_qwt_plot_renderer.cpp
%QWT_BUILD_DIR%\src\moc\moc_qwt_plot_zoomer.cpp
%QWT_BUILD_DIR%\src\moc\moc_qwt_sampling_thread.cpp
%QWT_BUILD_DIR%\src\moc\moc_qwt_scale_widget.cpp
%QWT_BUILD_DIR%\src\moc\moc_qwt_slider.cpp
%QWT_BUILD_DIR%\src\moc\moc_qwt_text_label.cpp
%QWT_BUILD_DIR%\src\moc\moc_qwt_thermo.cpp
%QWT_BUILD_DIR%\src\moc\moc_qwt_wheel.cpp
%QWT_BUILD_DIR%\src\release\moc_qwt_abstract_legend.o
%QWT_BUILD_DIR%\src\release\moc_qwt_abstract_scale.o
%QWT_BUILD_DIR%\src\release\moc_qwt_abstract_slider.o
%QWT_BUILD_DIR%\src\release\moc_qwt_analog_clock.o
%QWT_BUILD_DIR%\src\release\moc_qwt_compass.o
%QWT_BUILD_DIR%\src\release\moc_qwt_counter.o
%QWT_BUILD_DIR%\src\release\moc_qwt_dial.o
%QWT_BUILD_DIR%\src\release\moc_qwt_dyngrid_layout.o
%QWT_BUILD_DIR%\src\release\moc_qwt_knob.o
%QWT_BUILD_DIR%\src\release\moc_qwt_legend.o
%QWT_BUILD_DIR%\src\release\moc_qwt_legend_label.o
%QWT_BUILD_DIR%\src\release\moc_qwt_magnifier.o
%QWT_BUILD_DIR%\src\release\moc_qwt_panner.o
%QWT_BUILD_DIR%\src\release\moc_qwt_picker.o
%QWT_BUILD_DIR%\src\release\moc_qwt_plot.o
%QWT_BUILD_DIR%\src\release\moc_qwt_plot_canvas.o
%QWT_BUILD_DIR%\src\release\moc_qwt_plot_glcanvas.o
%QWT_BUILD_DIR%\src\release\moc_qwt_plot_magnifier.o
%QWT_BUILD_DIR%\src\release\moc_qwt_plot_panner.o
%QWT_BUILD_DIR%\src\release\moc_qwt_plot_picker.o
%QWT_BUILD_DIR%\src\release\moc_qwt_plot_renderer.o
%QWT_BUILD_DIR%\src\release\moc_qwt_plot_zoomer.o
%QWT_BUILD_DIR%\src\release\moc_qwt_sampling_thread.o
%QWT_BUILD_DIR%\src\release\moc_qwt_scale_widget.o
%QWT_BUILD_DIR%\src\release\moc_qwt_slider.o
%QWT_BUILD_DIR%\src\release\moc_qwt_text_label.o
%QWT_BUILD_DIR%\src\release\moc_qwt_thermo.o
%QWT_BUILD_DIR%\src\release\moc_qwt_wheel.o
%QWT_BUILD_DIR%\src\release\qwt_abstract_legend.o
%QWT_BUILD_DIR%\src\release\qwt_abstract_scale.o
%QWT_BUILD_DIR%\src\release\qwt_abstract_scale_draw.o
%QWT_BUILD_DIR%\src\release\qwt_abstract_slider.o
%QWT_BUILD_DIR%\src\release\qwt_analog_clock.o
%QWT_BUILD_DIR%\src\release\qwt_arrow_button.o
%QWT_BUILD_DIR%\src\release\qwt_clipper.o
%QWT_BUILD_DIR%\src\release\qwt_color_map.o
%QWT_BUILD_DIR%\src\release\qwt_column_symbol.o
%QWT_BUILD_DIR%\src\release\qwt_compass.o
%QWT_BUILD_DIR%\src\release\qwt_compass_rose.o
%QWT_BUILD_DIR%\src\release\qwt_counter.o
%QWT_BUILD_DIR%\src\release\qwt_curve_fitter.o
%QWT_BUILD_DIR%\src\release\qwt_date.o
%QWT_BUILD_DIR%\src\release\qwt_date_scale_draw.o
%QWT_BUILD_DIR%\src\release\qwt_date_scale_engine.o
%QWT_BUILD_DIR%\src\release\qwt_dial.o
%QWT_BUILD_DIR%\src\release\qwt_dial_needle.o
%QWT_BUILD_DIR%\src\release\qwt_dyngrid_layout.o
%QWT_BUILD_DIR%\src\release\qwt_event_pattern.o
%QWT_BUILD_DIR%\src\release\qwt_graphic.o
%QWT_BUILD_DIR%\src\release\qwt_interval.o
%QWT_BUILD_DIR%\src\release\qwt_interval_symbol.o
%QWT_BUILD_DIR%\src\release\qwt_knob.o
%QWT_BUILD_DIR%\src\release\qwt_legend.o
%QWT_BUILD_DIR%\src\release\qwt_legend_data.o
%QWT_BUILD_DIR%\src\release\qwt_legend_label.o
%QWT_BUILD_DIR%\src\release\qwt_magnifier.o
%QWT_BUILD_DIR%\src\release\qwt_math.o
%QWT_BUILD_DIR%\src\release\qwt_matrix_raster_data.o
%QWT_BUILD_DIR%\src\release\qwt_null_paintdevice.o
%QWT_BUILD_DIR%\src\release\qwt_painter.o
%QWT_BUILD_DIR%\src\release\qwt_painter_command.o
%QWT_BUILD_DIR%\src\release\qwt_panner.o
%QWT_BUILD_DIR%\src\release\qwt_picker.o
%QWT_BUILD_DIR%\src\release\qwt_picker_machine.o
%QWT_BUILD_DIR%\src\release\qwt_pixel_matrix.o
%QWT_BUILD_DIR%\src\release\qwt_plot.o
%QWT_BUILD_DIR%\src\release\qwt_plot_abstract_barchart.o
%QWT_BUILD_DIR%\src\release\qwt_plot_axis.o
%QWT_BUILD_DIR%\src\release\qwt_plot_barchart.o
%QWT_BUILD_DIR%\src\release\qwt_plot_canvas.o
%QWT_BUILD_DIR%\src\release\qwt_plot_curve.o
%QWT_BUILD_DIR%\src\release\qwt_plot_dict.o
%QWT_BUILD_DIR%\src\release\qwt_plot_directpainter.o
%QWT_BUILD_DIR%\src\release\qwt_plot_glcanvas.o
%QWT_BUILD_DIR%\src\release\qwt_plot_grid.o
%QWT_BUILD_DIR%\src\release\qwt_plot_histogram.o
%QWT_BUILD_DIR%\src\release\qwt_plot_intervalcurve.o
%QWT_BUILD_DIR%\src\release\qwt_plot_item.o
%QWT_BUILD_DIR%\src\release\qwt_plot_layout.o
%QWT_BUILD_DIR%\src\release\qwt_plot_legenditem.o
%QWT_BUILD_DIR%\src\release\qwt_plot_magnifier.o
%QWT_BUILD_DIR%\src\release\qwt_plot_marker.o
%QWT_BUILD_DIR%\src\release\qwt_plot_multi_barchart.o
%QWT_BUILD_DIR%\src\release\qwt_plot_panner.o
%QWT_BUILD_DIR%\src\release\qwt_plot_picker.o
%QWT_BUILD_DIR%\src\release\qwt_plot_rasteritem.o
%QWT_BUILD_DIR%\src\release\qwt_plot_renderer.o
%QWT_BUILD_DIR%\src\release\qwt_plot_rescaler.o
%QWT_BUILD_DIR%\src\release\qwt_plot_scaleitem.o
%QWT_BUILD_DIR%\src\release\qwt_plot_seriesitem.o
%QWT_BUILD_DIR%\src\release\qwt_plot_shapeitem.o
%QWT_BUILD_DIR%\src\release\qwt_plot_spectrocurve.o
%QWT_BUILD_DIR%\src\release\qwt_plot_spectrogram.o
%QWT_BUILD_DIR%\src\release\qwt_plot_svgitem.o
%QWT_BUILD_DIR%\src\release\qwt_plot_textlabel.o
%QWT_BUILD_DIR%\src\release\qwt_plot_tradingcurve.o
%QWT_BUILD_DIR%\src\release\qwt_plot_xml.o
%QWT_BUILD_DIR%\src\release\qwt_plot_zoneitem.o
%QWT_BUILD_DIR%\src\release\qwt_plot_zoomer.o
%QWT_BUILD_DIR%\src\release\qwt_point_3d.o
%QWT_BUILD_DIR%\src\release\qwt_point_data.o
%QWT_BUILD_DIR%\src\release\qwt_point_mapper.o
%QWT_BUILD_DIR%\src\release\qwt_point_polar.o
%QWT_BUILD_DIR%\src\release\qwt_raster_data.o
%QWT_BUILD_DIR%\src\release\qwt_round_scale_draw.o
%QWT_BUILD_DIR%\src\release\qwt_sampling_thread.o
%QWT_BUILD_DIR%\src\release\qwt_scale_div.o
%QWT_BUILD_DIR%\src\release\qwt_scale_draw.o
%QWT_BUILD_DIR%\src\release\qwt_scale_engine.o
%QWT_BUILD_DIR%\src\release\qwt_scale_map.o
%QWT_BUILD_DIR%\src\release\qwt_scale_widget.o
%QWT_BUILD_DIR%\src\release\qwt_series_data.o
%QWT_BUILD_DIR%\src\release\qwt_slider.o
%QWT_BUILD_DIR%\src\release\qwt_spline.o
%QWT_BUILD_DIR%\src\release\qwt_symbol.o
%QWT_BUILD_DIR%\src\release\qwt_system_clock.o
%QWT_BUILD_DIR%\src\release\qwt_text.o
%QWT_BUILD_DIR%\src\release\qwt_text_engine.o
%QWT_BUILD_DIR%\src\release\qwt_text_label.o
%QWT_BUILD_DIR%\src\release\qwt_thermo.o
%QWT_BUILD_DIR%\src\release\qwt_transform.o
%QWT_BUILD_DIR%\src\release\qwt_wheel.o
%QWT_BUILD_DIR%\src\release\qwt_widget_overlay.o
%QWT_BUILD_DIR%\textengines\Makefile
